<html>
<body>
<pre>
<h1>µVision Build Log</h1>
<h2>Tool Versions:</h2>
IDE-Version: µVision V5.25.2.0
Copyright (C) 2018 ARM Ltd and ARM Germany GmbH. All rights reserved.
License Information: Larry Kiser, Rochester Institute of Technology, LIC=----
 
Tool Versions:
Toolchain:       MDK-Lite  Version: 5.25.2.0
Toolchain Path:  C:\Keil_v5\ARM\ARMCC\Bin
C Compiler:      Armcc.exe V5.06 update 6 (build 750)
Assembler:       Armasm.exe V5.06 update 6 (build 750)
Linker/Locator:  ArmLink.exe V5.06 update 6 (build 750)
Library Manager: ArmAr.exe V5.06 update 6 (build 750)
Hex Converter:   FromElf.exe V5.06 update 6 (build 750)
CPU DLL:         SARMCM3.DLL V5.25.2.0
Dialog DLL:      DCM.DLL V1.17.1.0
Target DLL:      STLink\ST-LINKIII-KEIL_SWO.dll V3.0.1.0
Dialog DLL:      TCM.DLL V1.35.1.0
 
<h2>Project:</h2>
Z:\Documents\CMPE663\real-time-and-embedded-systems\Project3\Project3_Starter\MDK-ARM\Project3_Starter.uvprojx
Project File Date:  10/29/2019

<h2>Output:</h2>
*** Using Compiler 'V5.06 update 6 (build 750)', folder: 'C:\Keil_v5\ARM\ARMCC\Bin'
Build target 'Project3_Starter'
compiling TaskCustomerEnqueue.c...
TaskCustomerEnqueue.c(59): warning:  #186-D: pointless comparison of unsigned integer with zero
  	uint8_t isBankOpen = ( *(p->SimulationClockPtr) >= BANK_START_TIME ) 
TaskCustomerEnqueue.c: 1 warning, 0 errors
compiling TaskUpdate.c...
compiling TaskTeller.c...
TaskTeller.c(266): warning:  #177-D: variable "simulation_clock_ptr"  was declared but never referenced
  	uint32_t* simulation_clock_ptr = (&teller_service_params[tellerID])->SimulationClockPtr;
TaskTeller.c: 1 warning, 0 errors
compiling main.c...
compiling led_task.c...
compiling gpio.c...
compiling freertos.c...
compiling usart.c...
compiling rng.c...
compiling stm32l4xx_it.c...
compiling stm32l4xx_hal_msp.c...
linking...
Program Size: Code=17868 RO-data=528 RW-data=128 ZI-data=62216  
FromELF: creating hex file...
"Project3_Starter\Project3_Starter.axf" - 0 Error(s), 2 Warning(s).

<h2>Software Packages used:</h2>

Package Vendor: ARM
                http://www.keil.com/pack/ARM.CMSIS.5.4.0.pack
                ARM.CMSIS.5.4.0
                CMSIS (Cortex Microcontroller Software Interface Standard)
   * Component: CORE Version: 5.1.2

Package Vendor: Keil
                http://www.keil.com/pack/Keil.STM32L4xx_DFP.2.0.0.pack
                Keil.STM32L4xx_DFP.2.0.0
                STMicroelectronics STM32L4 Series Device Support, Drivers and Examples

<h2>Collection of Component include folders:</h2>
  .\RTE\_Project3_Starter
  C:\Keil_v5\ARM\PACK\ARM\CMSIS\5.4.0\CMSIS\Core\Include
  C:\Keil_v5\ARM\PACK\Keil\STM32L4xx_DFP\2.0.0\Drivers\CMSIS\Device\ST\STM32L4xx\Include

<h2>Collection of Component Files used:</h2>

   * Component: ARM::CMSIS:CORE:5.1.2
Build Time Elapsed:  00:00:39
</pre>
</body>
</html>
