Component: ARM Compiler 5.06 update 6 (build 750) Tool: armlink [4d35ed]

==============================================================================

Section Cross References

    startup_stm32l476xx.o(RESET) refers to startup_stm32l476xx.o(STACK) for __initial_sp
    startup_stm32l476xx.o(RESET) refers to startup_stm32l476xx.o(.text) for Reset_Handler
    startup_stm32l476xx.o(RESET) refers to stm32l4xx_it.o(i.NMI_Handler) for NMI_Handler
    startup_stm32l476xx.o(RESET) refers to stm32l4xx_it.o(i.HardFault_Handler) for HardFault_Handler
    startup_stm32l476xx.o(RESET) refers to stm32l4xx_it.o(i.MemManage_Handler) for MemManage_Handler
    startup_stm32l476xx.o(RESET) refers to stm32l4xx_it.o(i.BusFault_Handler) for BusFault_Handler
    startup_stm32l476xx.o(RESET) refers to stm32l4xx_it.o(i.UsageFault_Handler) for UsageFault_Handler
    startup_stm32l476xx.o(RESET) refers to port.o(.emb_text) for SVC_Handler
    startup_stm32l476xx.o(RESET) refers to stm32l4xx_it.o(i.DebugMon_Handler) for DebugMon_Handler
    startup_stm32l476xx.o(RESET) refers to port.o(i.SysTick_Handler) for SysTick_Handler
    startup_stm32l476xx.o(RESET) refers to stm32l4xx_it.o(i.TIM2_IRQHandler) for TIM2_IRQHandler
    startup_stm32l476xx.o(RESET) refers to stm32l4xx_it.o(i.USART2_IRQHandler) for USART2_IRQHandler
    startup_stm32l476xx.o(.text) refers to system_stm32l4xx.o(i.SystemInit) for SystemInit
    startup_stm32l476xx.o(.text) refers to entry.o(.ARM.Collect$$$$00000000) for __main
    p6_gyro.o(i.GetAngle) refers to p6_gyro.o(.bss) for .bss
    p6_gyro.o(i.gyro_task) refers to stm32l476g_discovery_gyroscope.o(i.BSP_GYRO_GetXYZ) for BSP_GYRO_GetXYZ
    p6_gyro.o(i.gyro_task) refers to cmsis_os.o(i.osDelay) for osDelay
    p6_gyro.o(i.gyro_task) refers to p6_gyro.o(.bss) for .bss
    p6_gyro.o(i.gyro_task_init) refers to stm32l476g_discovery_gyroscope.o(i.BSP_GYRO_Init) for BSP_GYRO_Init
    p6_gyro.o(i.gyro_task_init) refers to main.o(i.Error_Handler) for Error_Handler
    p6_gyro.o(i.gyro_task_init) refers to tasks.o(i.xTaskCreate) for xTaskCreate
    p6_gyro.o(i.gyro_task_init) refers to p6_gyro.o(i.gyro_task) for gyro_task
    servo_computer_task.o(i.GoToRandomPosition) refers to stm32l4xx_hal_rng.o(i.HAL_RNG_GenerateRandomNumber) for HAL_RNG_GenerateRandomNumber
    servo_computer_task.o(i.GoToRandomPosition) refers to servo_computer_task.o(.bss) for .bss
    servo_computer_task.o(i.GoToRandomPosition) refers to rng.o(.bss) for hrng
    servo_computer_task.o(i.servo_computer_task) refers to pwm.o(i.SetPWMPulseWidth2) for SetPWMPulseWidth2
    servo_computer_task.o(i.servo_computer_task) refers to pwm.o(i.SetPWMPulseWidth1) for SetPWMPulseWidth1
    servo_computer_task.o(i.servo_computer_task) refers to servo_computer_task.o(.bss) for .bss
    servo_computer_task.o(i.servo_computer_task_init) refers to strncpy.o(.text) for strncpy
    servo_computer_task.o(i.servo_computer_task_init) refers to tasks.o(i.xTaskCreate) for xTaskCreate
    servo_computer_task.o(i.servo_computer_task_init) refers to servo_computer_task.o(.bss) for .bss
    servo_computer_task.o(i.servo_computer_task_init) refers to servo_computer_task.o(i.servo_computer_task) for servo_computer_task
    servo_user_task.o(i.CalcPosition) refers to p6_gyro.o(i.GetAngle) for GetAngle
    servo_user_task.o(i.servo_user_task) refers to servo_user_task.o(i.CalcPosition) for CalcPosition
    servo_user_task.o(i.servo_user_task) refers to pwm.o(i.SetPWMPulseWidth2) for SetPWMPulseWidth2
    servo_user_task.o(i.servo_user_task) refers to pwm.o(i.SetPWMPulseWidth1) for SetPWMPulseWidth1
    servo_user_task.o(i.servo_user_task) refers to servo_user_task.o(.bss) for .bss
    servo_user_task.o(i.servo_user_task_init) refers to strncpy.o(.text) for strncpy
    servo_user_task.o(i.servo_user_task_init) refers to tasks.o(i.xTaskCreate) for xTaskCreate
    servo_user_task.o(i.servo_user_task_init) refers to servo_user_task.o(.bss) for .bss
    servo_user_task.o(i.servo_user_task_init) refers to servo_user_task.o(i.servo_user_task) for servo_user_task
    pwm.o(i.InitPWM) refers to pwm.o(i.InitGPIOForPWM) for InitGPIOForPWM
    pwm.o(i.InitPWM) refers to pwm.o(i.InitTimerForPWM) for InitTimerForPWM
    pwm.o(i.InitPWM) refers to pwm.o(i.SetPWMPulsePosition) for SetPWMPulsePosition
    pwm.o(i.InitTimerForPWM) refers to pwm.o(i.SetPWMPulsePosition) for SetPWMPulsePosition
    pwm.o(i.SetPWMPulsePosition) refers to pwm.o(.data) for .data
    pwm.o(i.ShiftPWMLeft) refers to pwm.o(i.SetPWMPulsePosition) for SetPWMPulsePosition
    pwm.o(i.ShiftPWMLeft) refers to pwm.o(.data) for .data
    pwm.o(i.ShiftPWMRight) refers to pwm.o(i.SetPWMPulsePosition) for SetPWMPulsePosition
    pwm.o(i.ShiftPWMRight) refers to pwm.o(.data) for .data
    main.o(i.HAL_TIM_PeriodElapsedCallback) refers to stm32l4xx_hal.o(i.HAL_IncTick) for HAL_IncTick
    main.o(i.SystemClock_Config) refers to memseta.o(.text) for __aeabi_memclr4
[...]
    .text                                    0x0800041c   Section        0  llshl.o(.text)
    .text                                    0x0800043a   Section        0  llushr.o(.text)
    .text                                    0x0800045a   Section        0  iusefp.o(.text)
    .text                                    0x0800045a   Section        0  depilogue.o(.text)
    .text                                    0x08000514   Section        0  dadd.o(.text)
    .text                                    0x08000672   Section        0  dmul.o(.text)
    .text                                    0x0800075c   Section        0  ddiv.o(.text)
    .text                                    0x0800083a   Section        0  dfixul.o(.text)
    .text                                    0x0800086c   Section       48  cdrcmple.o(.text)
    .text                                    0x0800089c   Section       36  init.o(.text)
    .text                                    0x080008c0   Section        0  llsshr.o(.text)
    i.BSP_GYRO_GetXYZ                        0x080008e4   Section        0  stm32l476g_discovery_gyroscope.o(i.BSP_GYRO_GetXYZ)
    i.BSP_GYRO_Init                          0x080008f8   Section        0  stm32l476g_discovery_gyroscope.o(i.BSP_GYRO_Init)
    i.BusFault_Handler                       0x0800093c   Section        0  stm32l4xx_it.o(i.BusFault_Handler)
    i.CalcPosition                           0x08000940   Section        0  servo_user_task.o(i.CalcPosition)
    i.DebugMon_Handler                       0x08000994   Section        0  stm32l4xx_it.o(i.DebugMon_Handler)
    i.Error_Handler                          0x08000996   Section        0  main.o(i.Error_Handler)
    i.GYRO_IO_Init                           0x08000998   Section        0  stm32l476g_discovery.o(i.GYRO_IO_Init)
    i.GYRO_IO_Read                           0x08000a88   Section        0  stm32l476g_discovery.o(i.GYRO_IO_Read)
    i.GYRO_IO_Write                          0x08000ae8   Section        0  stm32l476g_discovery.o(i.GYRO_IO_Write)
    i.GetAngle                               0x08000b40   Section        0  p6_gyro.o(i.GetAngle)
    i.GetTimeElapsed                         0x08000b54   Section        0  game_task.o(i.GetTimeElapsed)
    i.GoToRandomPosition                     0x08000b68   Section        0  servo_computer_task.o(i.GoToRandomPosition)
    i.HAL_DMA_Abort_IT                       0x08000bcc   Section        0  stm32l4xx_hal_dma.o(i.HAL_DMA_Abort_IT)
    i.HAL_GPIO_Init                          0x08000c1c   Section        0  stm32l4xx_hal_gpio.o(i.HAL_GPIO_Init)
    i.HAL_GPIO_WritePin                      0x08000de6   Section        0  stm32l4xx_hal_gpio.o(i.HAL_GPIO_WritePin)
    i.HAL_GetTick                            0x08000df0   Section        0  stm32l4xx_hal.o(i.HAL_GetTick)
    i.HAL_IncTick                            0x08000dfc   Section        0  stm32l4xx_hal.o(i.HAL_IncTick)
    i.HAL_Init                               0x08000e0c   Section        0  stm32l4xx_hal.o(i.HAL_Init)
    i.HAL_InitTick                           0x08000e2c   Section        0  stm32l4xx_hal_timebase_tim.o(i.HAL_InitTick)
    i.HAL_MspInit                            0x08000e9c   Section        0  stm32l4xx_hal_msp.o(i.HAL_MspInit)
    i.HAL_NVIC_EnableIRQ                     0x08000ed0   Section        0  stm32l4xx_hal_cortex.o(i.HAL_NVIC_EnableIRQ)
    i.HAL_NVIC_SetPriority                   0x08000ee8   Section        0  stm32l4xx_hal_cortex.o(i.HAL_NVIC_SetPriority)
    i.HAL_NVIC_SetPriorityGrouping           0x08000f28   Section        0  stm32l4xx_hal_cortex.o(i.HAL_NVIC_SetPriorityGrouping)
    i.HAL_PWREx_ControlVoltageScaling        0x08000f4c   Section        0  stm32l4xx_hal_pwr_ex.o(i.HAL_PWREx_ControlVoltageScaling)
    i.HAL_PWREx_GetVoltageRange              0x08000fb4   Section        0  stm32l4xx_hal_pwr_ex.o(i.HAL_PWREx_GetVoltageRange)
    i.HAL_RCCEx_PeriphCLKConfig              0x08000fc4   Section        0  stm32l4xx_hal_rcc_ex.o(i.HAL_RCCEx_PeriphCLKConfig)
    i.HAL_RCC_ClockConfig                    0x08001374   Section        0  stm32l4xx_hal_rcc.o(i.HAL_RCC_ClockConfig)
    i.HAL_RCC_GetClockConfig                 0x0800148c   Section        0  stm32l4xx_hal_rcc.o(i.HAL_RCC_GetClockConfig)
    i.HAL_RCC_GetPCLK1Freq                   0x080014cc   Section        0  stm32l4xx_hal_rcc.o(i.HAL_RCC_GetPCLK1Freq)
    i.HAL_RCC_GetPCLK2Freq                   0x080014f0   Section        0  stm32l4xx_hal_rcc.o(i.HAL_RCC_GetPCLK2Freq)
    i.HAL_RCC_GetSysClockFreq                0x08001514   Section        0  stm32l4xx_hal_rcc.o(i.HAL_RCC_GetSysClockFreq)
    i.HAL_RCC_OscConfig                      0x080015b8   Section        0  stm32l4xx_hal_rcc.o(i.HAL_RCC_OscConfig)
    i.HAL_RNG_GenerateRandomNumber           0x08001a1c   Section        0  stm32l4xx_hal_rng.o(i.HAL_RNG_GenerateRandomNumber)
    i.HAL_RNG_Init                           0x08001a86   Section        0  stm32l4xx_hal_rng.o(i.HAL_RNG_Init)
    i.HAL_RNG_MspInit                        0x08001ab8   Section        0  rng.o(i.HAL_RNG_MspInit)
    i.HAL_SPI_GetState                       0x08001ae0   Section        0  stm32l4xx_hal_spi.o(i.HAL_SPI_GetState)
    i.HAL_SPI_Init                           0x08001ae6   Section        0  stm32l4xx_hal_spi.o(i.HAL_SPI_Init)
    i.HAL_SPI_MspInit                        0x08001b94   Section        0  spi.o(i.HAL_SPI_MspInit)
    i.HAL_TIMEx_Break2Callback               0x08001bf8   Section        0  stm32l4xx_hal_tim_ex.o(i.HAL_TIMEx_Break2Callback)
    i.HAL_TIMEx_BreakCallback                0x08001bfa   Section        0  stm32l4xx_hal_tim_ex.o(i.HAL_TIMEx_BreakCallback)
    i.HAL_TIMEx_CommutationCallback          0x08001bfc   Section        0  stm32l4xx_hal_tim_ex.o(i.HAL_TIMEx_CommutationCallback)
    i.HAL_TIMEx_MasterConfigSynchronization  0x08001c00   Section        0  stm32l4xx_hal_tim_ex.o(i.HAL_TIMEx_MasterConfigSynchronization)
    i.HAL_TIM_Base_Init                      0x08001c60   Section        0  stm32l4xx_hal_tim.o(i.HAL_TIM_Base_Init)
    i.HAL_TIM_Base_MspInit                   0x08001c98   Section        0  tim.o(i.HAL_TIM_Base_MspInit)
    i.HAL_TIM_Base_Start_IT                  0x08001cc0   Section        0  stm32l4xx_hal_tim.o(i.HAL_TIM_Base_Start_IT)
    i.HAL_TIM_ConfigClockSource              0x08001cf0   Section        0  stm32l4xx_hal_tim.o(i.HAL_TIM_ConfigClockSource)
    i.HAL_TIM_IC_CaptureCallback             0x08001ddc   Section        0  stm32l4xx_hal_tim.o(i.HAL_TIM_IC_CaptureCallback)
    i.HAL_TIM_IRQHandler                     0x08001dde   Section        0  stm32l4xx_hal_tim.o(i.HAL_TIM_IRQHandler)
    i.HAL_TIM_OC_DelayElapsedCallback        0x08001f62   Section        0  stm32l4xx_hal_tim.o(i.HAL_TIM_OC_DelayElapsedCallback)
    i.HAL_TIM_PWM_PulseFinishedCallback      0x08001f64   Section        0  stm32l4xx_hal_tim.o(i.HAL_TIM_PWM_PulseFinishedCallback)
    i.HAL_TIM_PeriodElapsedCallback          0x08001f66   Section        0  main.o(i.HAL_TIM_PeriodElapsedCallback)
    i.HAL_TIM_TriggerCallback                0x08001f74   Section        0  stm32l4xx_hal_tim.o(i.HAL_TIM_TriggerCallback)
    i.HAL_UARTEx_WakeupCallback              0x08001f76   Section        0  stm32l4xx_hal_uart_ex.o(i.HAL_UARTEx_WakeupCallback)
    i.HAL_UART_ErrorCallback                 0x08001f78   Section        0  stm32l4xx_hal_uart.o(i.HAL_UART_ErrorCallback)
    i.HAL_UART_IRQHandler                    0x08001f7c   Section        0  stm32l4xx_hal_uart.o(i.HAL_UART_IRQHandler)
    i.HAL_UART_Init                          0x080020c0   Section        0  stm32l4xx_hal_uart.o(i.HAL_UART_Init)
    i.HAL_UART_MspInit                       0x0800212c   Section        0  usart.o(i.HAL_UART_MspInit)
    i.HAL_UART_Transmit                      0x080021a0   Section        0  stm32l4xx_hal_uart.o(i.HAL_UART_Transmit)
    i.HAL_UART_TxCpltCallback                0x08002250   Section        0  stm32l4xx_hal_uart.o(i.HAL_UART_TxCpltCallback)
    i.HardFault_Handler                      0x08002252   Section        0  stm32l4xx_it.o(i.HardFault_Handler)
    i.InitGPIOForPWM                         0x08002254   Section        0  pwm.o(i.InitGPIOForPWM)
    i.InitPWM                                0x08002298   Section        0  pwm.o(i.InitPWM)
    i.InitTimer3                             0x080022b8   Section        0  timer.o(i.InitTimer3)
    i.InitTimerForPWM                        0x080022ec   Section        0  pwm.o(i.InitTimerForPWM)
    i.L3GD20_DeInit                          0x080023ac   Section        0  l3gd20.o(i.L3GD20_DeInit)
    i.L3GD20_DisableIT                       0x080023ae   Section        0  l3gd20.o(i.L3GD20_DisableIT)
    i.L3GD20_EnableIT                        0x080023e6   Section        0  l3gd20.o(i.L3GD20_EnableIT)
    i.L3GD20_FilterCmd                       0x08002426   Section        0  l3gd20.o(i.L3GD20_FilterCmd)
    i.L3GD20_FilterConfig                    0x0800244e   Section        0  l3gd20.o(i.L3GD20_FilterConfig)
    i.L3GD20_INT1InterruptConfig             0x08002476   Section        0  l3gd20.o(i.L3GD20_INT1InterruptConfig)
    i.L3GD20_Init                            0x080024c8   Section        0  l3gd20.o(i.L3GD20_Init)
    i.L3GD20_LowPower                        0x080024f6   Section        0  l3gd20.o(i.L3GD20_LowPower)
    i.L3GD20_ReadID                          0x08002508   Section        0  l3gd20.o(i.L3GD20_ReadID)
    i.L3GD20_ReadXYZAngRate                  0x08002520   Section        0  l3gd20.o(i.L3GD20_ReadXYZAngRate)
    i.L3GD20_RebootCmd                       0x080025ec   Section        0  l3gd20.o(i.L3GD20_RebootCmd)
    i.MX_FREERTOS_Init                       0x08002610   Section        0  freertos.o(i.MX_FREERTOS_Init)
    i.MX_GPIO_Init                           0x08002638   Section        0  gpio.o(i.MX_GPIO_Init)
    i.MX_RNG_Init                            0x080026c4   Section        0  rng.o(i.MX_RNG_Init)
    i.MX_SPI2_Init                           0x080026e8   Section        0  spi.o(i.MX_SPI2_Init)
    i.MX_TIM5_Init                           0x08002738   Section        0  tim.o(i.MX_TIM5_Init)
    i.MX_USART2_UART_Init                    0x080027a0   Section        0  usart.o(i.MX_USART2_UART_Init)
    i.MemManage_Handler                      0x080027dc   Section        0  stm32l4xx_it.o(i.MemManage_Handler)
    i.NMI_Handler                            0x080027de   Section        0  stm32l4xx_it.o(i.NMI_Handler)
    i.NVIC_SetPriority                       0x080027e0   Section        0  stm32l4xx_hal_cortex.o(i.NVIC_SetPriority)
    NVIC_SetPriority                         0x080027e1   Thumb Code    32  stm32l4xx_hal_cortex.o(i.NVIC_SetPriority)
    i.RCCEx_PLLSAI1_Config                   0x08002800   Section        0  stm32l4xx_hal_rcc_ex.o(i.RCCEx_PLLSAI1_Config)
    RCCEx_PLLSAI1_Config                     0x08002801   Thumb Code   278  stm32l4xx_hal_rcc_ex.o(i.RCCEx_PLLSAI1_Config)
    i.RCCEx_PLLSAI2_Config                   0x0800292c   Section        0  stm32l4xx_hal_rcc_ex.o(i.RCCEx_PLLSAI2_Config)
    RCCEx_PLLSAI2_Config                     0x0800292d   Thumb Code   250  stm32l4xx_hal_rcc_ex.o(i.RCCEx_PLLSAI2_Config)
    i.RCC_SetFlashLatencyFromMSIRange        0x08002a34   Section        0  stm32l4xx_hal_rcc.o(i.RCC_SetFlashLatencyFromMSIRange)
    RCC_SetFlashLatencyFromMSIRange          0x08002a35   Thumb Code   116  stm32l4xx_hal_rcc.o(i.RCC_SetFlashLatencyFromMSIRange)
    i.RestartGame                            0x08002ab0   Section        0  game_task.o(i.RestartGame)
    i.SPIx_Init                              0x08002ad0   Section        0  stm32l476g_discovery.o(i.SPIx_Init)
    SPIx_Init                                0x08002ad1   Thumb Code   132  stm32l476g_discovery.o(i.SPIx_Init)
    i.SPIx_WriteRead                         0x08002b64   Section        0  stm32l476g_discovery.o(i.SPIx_WriteRead)
    SPIx_WriteRead                           0x08002b65   Thumb Code    56  stm32l476g_discovery.o(i.SPIx_WriteRead)
    i.SetPWMPulsePosition                    0x08002ba0   Section        0  pwm.o(i.SetPWMPulsePosition)
    i.SetPWMPulseWidth1                      0x08002bf0   Section        0  pwm.o(i.SetPWMPulseWidth1)
    i.SetPWMPulseWidth2                      0x08002bf8   Section        0  pwm.o(i.SetPWMPulseWidth2)
    i.StartDefaultTask                       0x08002c00   Section        0  freertos.o(i.StartDefaultTask)
    i.StartLevel                             0x08002c08   Section        0  game_task.o(i.StartLevel)
    i.SysTick_Handler                        0x08002c28   Section        0  port.o(i.SysTick_Handler)
    i.SystemClock_Config                     0x08002c54   Section        0  main.o(i.SystemClock_Config)
    i.SystemInit                             0x08002ce8   Section        0  system_stm32l4xx.o(i.SystemInit)
    i.TIM2_IRQHandler                        0x08002d2c   Section        0  stm32l4xx_it.o(i.TIM2_IRQHandler)
    i.TIM_Base_SetConfig                     0x08002d38   Section        0  stm32l4xx_hal_tim.o(i.TIM_Base_SetConfig)
    i.TIM_ETR_SetConfig                      0x08002df8   Section        0  stm32l4xx_hal_tim.o(i.TIM_ETR_SetConfig)
    i.TIM_ITRx_SetConfig                     0x08002e0c   Section        0  stm32l4xx_hal_tim.o(i.TIM_ITRx_SetConfig)
    TIM_ITRx_SetConfig                       0x08002e0d   Thumb Code    16  stm32l4xx_hal_tim.o(i.TIM_ITRx_SetConfig)
    i.TIM_TI1_ConfigInputStage               0x08002e1c   Section        0  stm32l4xx_hal_tim.o(i.TIM_TI1_ConfigInputStage)
    TIM_TI1_ConfigInputStage                 0x08002e1d   Thumb Code    34  stm32l4xx_hal_tim.o(i.TIM_TI1_ConfigInputStage)
    i.TIM_TI2_ConfigInputStage               0x08002e3e   Section        0  stm32l4xx_hal_tim.o(i.TIM_TI2_ConfigInputStage)
    TIM_TI2_ConfigInputStage                 0x08002e3f   Thumb Code    36  stm32l4xx_hal_tim.o(i.TIM_TI2_ConfigInputStage)
    i.UART_AdvFeatureConfig                  0x08002e62   Section        0  stm32l4xx_hal_uart.o(i.UART_AdvFeatureConfig)
    i.UART_CheckIdleState                    0x08002f2a   Section        0  stm32l4xx_hal_uart.o(i.UART_CheckIdleState)
    i.UART_DMAAbortOnError                   0x08002f86   Section        0  stm32l4xx_hal_uart.o(i.UART_DMAAbortOnError)
    UART_DMAAbortOnError                     0x08002f87   Thumb Code    20  stm32l4xx_hal_uart.o(i.UART_DMAAbortOnError)
    i.UART_EndRxTransfer                     0x08002f9a   Section        0  stm32l4xx_hal_uart.o(i.UART_EndRxTransfer)
    UART_EndRxTransfer                       0x08002f9b   Thumb Code    32  stm32l4xx_hal_uart.o(i.UART_EndRxTransfer)
    i.UART_SetConfig                         0x08002fbc   Section        0  stm32l4xx_hal_uart.o(i.UART_SetConfig)
    i.UART_WaitOnFlagUntilTimeout            0x0800325c   Section        0  stm32l4xx_hal_uart.o(i.UART_WaitOnFlagUntilTimeout)
    i.USART2_IRQHandler                      0x080032c0   Section        0  stm32l4xx_it.o(i.USART2_IRQHandler)
    i.USART_Printf                           0x080032cc   Section        0  usart.o(i.USART_Printf)
    i.UsageFault_Handler                     0x080032fc   Section        0  stm32l4xx_it.o(i.UsageFault_Handler)
    i.WaitTIM3                               0x08003300   Section        0  timer.o(i.WaitTIM3)
    i.__0vsnprintf                           0x08003314   Section        0  printfa.o(i.__0vsnprintf)
    i.__scatterload_copy                     0x08003340   Section       14  handlers.o(i.__scatterload_copy)
    i.__scatterload_null                     0x0800334e   Section        2  handlers.o(i.__scatterload_null)
    i.__scatterload_zeroinit                 0x08003350   Section       14  handlers.o(i.__scatterload_zeroinit)
    i._fp_digits                             0x08003360   Section        0  printfa.o(i._fp_digits)
    _fp_digits                               0x08003361   Thumb Code   366  printfa.o(i._fp_digits)
    i._printf_core                           0x080034ec   Section        0  printfa.o(i._printf_core)
    _printf_core                             0x080034ed   Thumb Code  1744  printfa.o(i._printf_core)
    i._printf_post_padding                   0x08003bce   Section        0  printfa.o(i._printf_post_padding)
    _printf_post_padding                     0x08003bcf   Thumb Code    36  printfa.o(i._printf_post_padding)
    i._printf_pre_padding                    0x08003bf2   Section        0  printfa.o(i._printf_pre_padding)
    _printf_pre_padding                      0x08003bf3   Thumb Code    46  printfa.o(i._printf_pre_padding)
    i._snputc                                0x08003c20   Section        0  printfa.o(i._snputc)
    _snputc                                  0x08003c21   Thumb Code    22  printfa.o(i._snputc)
    i.display_task                           0x08003c38   Section        0  display_task.o(i.display_task)
    i.display_task_init                      0x08003d64   Section        0  display_task.o(i.display_task_init)
    i.game_task                              0x08003da0   Section        0  game_task.o(i.game_task)
    i.game_task_init                         0x08003e30   Section        0  game_task.o(i.game_task_init)
    i.gyro_task                              0x08003e78   Section        0  p6_gyro.o(i.gyro_task)
    i.gyro_task_init                         0x08003ec4   Section        0  p6_gyro.o(i.gyro_task_init)
    i.main                                   0x08003f00   Section        0  main.o(i.main)
    i.makeFreeRtosPriority                   0x08003fc8   Section        0  cmsis_os.o(i.makeFreeRtosPriority)
    makeFreeRtosPriority                     0x08003fc9   Thumb Code    12  cmsis_os.o(i.makeFreeRtosPriority)
    i.osDelay                                0x08003fd4   Section        0  cmsis_os.o(i.osDelay)
    i.osKernelStart                          0x08003fe2   Section        0  cmsis_os.o(i.osKernelStart)
    i.osThreadCreate                         0x08003fec   Section        0  cmsis_os.o(i.osThreadCreate)
    i.prvAddCurrentTaskToDelayedList         0x0800401c   Section        0  tasks.o(i.prvAddCurrentTaskToDelayedList)
    prvAddCurrentTaskToDelayedList           0x0800401d   Thumb Code   102  tasks.o(i.prvAddCurrentTaskToDelayedList)
    i.prvAddNewTaskToReadyList               0x0800408c   Section        0  tasks.o(i.prvAddNewTaskToReadyList)
    prvAddNewTaskToReadyList                 0x0800408d   Thumb Code   194  tasks.o(i.prvAddNewTaskToReadyList)
    i.prvDeleteTCB                           0x0800415c   Section        0  tasks.o(i.prvDeleteTCB)
    prvDeleteTCB                             0x0800415d   Thumb Code    20  tasks.o(i.prvDeleteTCB)
    i.prvHeapInit                            0x08004170   Section        0  heap_4.o(i.prvHeapInit)
    prvHeapInit                              0x08004171   Thumb Code    64  heap_4.o(i.prvHeapInit)
    i.prvIdleTask                            0x080041b8   Section        0  tasks.o(i.prvIdleTask)
    prvIdleTask                              0x080041b9   Thumb Code    86  tasks.o(i.prvIdleTask)
    i.prvInitialiseNewTask                   0x0800421c   Section        0  tasks.o(i.prvInitialiseNewTask)
    prvInitialiseNewTask                     0x0800421d   Thumb Code   142  tasks.o(i.prvInitialiseNewTask)
    i.prvInsertBlockIntoFreeList             0x080042ac   Section        0  heap_4.o(i.prvInsertBlockIntoFreeList)
    prvInsertBlockIntoFreeList               0x080042ad   Thumb Code    72  heap_4.o(i.prvInsertBlockIntoFreeList)
    i.prvResetNextTaskUnblockTime            0x080042f8   Section        0  tasks.o(i.prvResetNextTaskUnblockTime)
    prvResetNextTaskUnblockTime              0x080042f9   Thumb Code    26  tasks.o(i.prvResetNextTaskUnblockTime)
    i.prvTaskExitError                       0x08004318   Section        0  port.o(i.prvTaskExitError)
    prvTaskExitError                         0x08004319   Thumb Code    36  port.o(i.prvTaskExitError)
    i.pvPortMalloc                           0x08004340   Section        0  heap_4.o(i.pvPortMalloc)
    i.pxPortInitialiseStack                  0x08004418   Section        0  port.o(i.pxPortInitialiseStack)
    i.servo_computer_task                    0x08004444   Section        0  servo_computer_task.o(i.servo_computer_task)
    i.servo_computer_task_init               0x0800445c   Section        0  servo_computer_task.o(i.servo_computer_task_init)
    i.servo_user_task                        0x080044a4   Section        0  servo_user_task.o(i.servo_user_task)
    i.servo_user_task_init                   0x080044c8   Section        0  servo_user_task.o(i.servo_user_task_init)
    i.uxListRemove                           0x08004510   Section        0  list.o(i.uxListRemove)
    i.vApplicationIdleHook                   0x08004536   Section        0  freertos.o(i.vApplicationIdleHook)
    i.vListInitialise                        0x08004538   Section        0  list.o(i.vListInitialise)
    i.vListInitialiseItem                    0x0800454e   Section        0  list.o(i.vListInitialiseItem)
    i.vListInsert                            0x08004554   Section        0  list.o(i.vListInsert)
    i.vListInsertEnd                         0x08004584   Section        0  list.o(i.vListInsertEnd)
    i.vPortEnterCritical                     0x0800459c   Section        0  port.o(i.vPortEnterCritical)
    i.vPortExitCritical                      0x080045dc   Section        0  port.o(i.vPortExitCritical)
    i.vPortFree                              0x08004604   Section        0  heap_4.o(i.vPortFree)
    i.vPortSetupTimerInterrupt               0x08004660   Section        0  port.o(i.vPortSetupTimerInterrupt)
    i.vTaskDelay                             0x08004684   Section        0  tasks.o(i.vTaskDelay)
    i.vTaskStartScheduler                    0x080046d0   Section        0  tasks.o(i.vTaskStartScheduler)
    i.vTaskSuspendAll                        0x08004738   Section        0  tasks.o(i.vTaskSuspendAll)
    i.vTaskSwitchContext                     0x08004748   Section        0  tasks.o(i.vTaskSwitchContext)
    i.xPortStartScheduler                    0x080047a4   Section        0  port.o(i.xPortStartScheduler)
    i.xTaskCreate                            0x08004898   Section        0  tasks.o(i.xTaskCreate)
    i.xTaskIncrementTick                     0x080048f4   Section        0  tasks.o(i.xTaskIncrementTick)
    i.xTaskResumeAll                         0x080049bc   Section        0  tasks.o(i.xTaskResumeAll)
    .constdata                               0x08004a80   Section       20  freertos.o(.constdata)
    .constdata                               0x08004a94   Section       64  system_stm32l4xx.o(.constdata)
    .constdata                               0x08004ad4   Section        8  system_stm32l4xx.o(.constdata)
    .conststring                             0x08004adc   Section       12  freertos.o(.conststring)
    .data                                    0x20000000   Section        2  pwm.o(.data)
    .data                                    0x20000004   Section        4  freertos.o(.data)
    .data                                    0x20000008   Section        4  stm32l4xx_hal.o(.data)
    .data                                    0x2000000c   Section        4  system_stm32l4xx.o(.data)
    .data                                    0x20000010   Section        4  stm32l476g_discovery_gyroscope.o(.data)
    GyroscopeDrv                             0x20000010   Data           4  stm32l476g_discovery_gyroscope.o(.data)
    .data                                    0x20000014   Section       52  l3gd20.o(.data)
    .data                                    0x20000048   Section       60  tasks.o(.data)
    pxDelayedTaskList                        0x2000004c   Data           4  tasks.o(.data)
    pxOverflowDelayedTaskList                0x20000050   Data           4  tasks.o(.data)
    uxDeletedTasksWaitingCleanUp             0x20000054   Data           4  tasks.o(.data)
    uxCurrentNumberOfTasks                   0x20000058   Data           4  tasks.o(.data)
    xTickCount                               0x2000005c   Data           4  tasks.o(.data)
    uxTopReadyPriority                       0x20000060   Data           4  tasks.o(.data)
    xSchedulerRunning                        0x20000064   Data           4  tasks.o(.data)
    uxPendedTicks                            0x20000068   Data           4  tasks.o(.data)
    xYieldPending                            0x2000006c   Data           4  tasks.o(.data)
    xNumOfOverflows                          0x20000070   Data           4  tasks.o(.data)
    uxTaskNumber                             0x20000074   Data           4  tasks.o(.data)
    xNextTaskUnblockTime                     0x20000078   Data           4  tasks.o(.data)
    xIdleTaskHandle                          0x2000007c   Data           4  tasks.o(.data)
    uxSchedulerSuspended                     0x20000080   Data           4  tasks.o(.data)
    .data                                    0x20000084   Section       24  heap_4.o(.data)
    pxEnd                                    0x20000084   Data           4  heap_4.o(.data)
    xFreeBytesRemaining                      0x20000088   Data           4  heap_4.o(.data)
    xMinimumEverFreeBytesRemaining           0x2000008c   Data           4  heap_4.o(.data)
    xBlockAllocatedBit                       0x20000090   Data           4  heap_4.o(.data)
    xStart                                   0x20000094   Data           8  heap_4.o(.data)
    .data                                    0x2000009c   Section       12  port.o(.data)
    ucMaxSysCallPriority                     0x2000009c   Data           1  port.o(.data)
    uxCriticalNesting                        0x200000a0   Data           4  port.o(.data)
    ulMaxPRIGROUPValue                       0x200000a4   Data           4  port.o(.data)
    .bss                                     0x200000a8   Section       24  p6_gyro.o(.bss)
    .bss                                     0x200000c0   Section       28  servo_computer_task.o(.bss)
    .bss                                     0x200000dc   Section       28  servo_user_task.o(.bss)
    .bss                                     0x200000f8   Section       16  rng.o(.bss)
    .bss                                     0x20000108   Section      100  spi.o(.bss)
    .bss                                     0x2000016c   Section       64  tim.o(.bss)
    .bss                                     0x200001ac   Section      120  usart.o(.bss)
    .bss                                     0x20000224   Section       64  stm32l4xx_hal_timebase_tim.o(.bss)
    .bss                                     0x20000264   Section       40  game_task.o(.bss)
    .bss                                     0x2000028c   Section       20  display_task.o(.bss)
    .bss                                     0x200002a0   Section      252  stm32l476g_discovery.o(.bss)
    I2c1Handle                               0x200002a0   Data          76  stm32l476g_discovery.o(.bss)
    I2c2Handle                               0x200002ec   Data          76  stm32l476g_discovery.o(.bss)
    SpiHandle                                0x20000338   Data         100  stm32l476g_discovery.o(.bss)
    .bss                                     0x2000039c   Section      240  tasks.o(.bss)
    pxReadyTasksLists                        0x2000039c   Data         140  tasks.o(.bss)
    xDelayedTaskList1                        0x20000428   Data          20  tasks.o(.bss)
    xDelayedTaskList2                        0x2000043c   Data          20  tasks.o(.bss)
    xPendingReadyList                        0x20000450   Data          20  tasks.o(.bss)
    xTasksWaitingTermination                 0x20000464   Data          20  tasks.o(.bss)
    xSuspendedTaskList                       0x20000478   Data          20  tasks.o(.bss)
    .bss                                     0x2000048c   Section    10000  heap_4.o(.bss)
    ucHeap                                   0x2000048c   Data       10000  heap_4.o(.bss)
    STACK                                    0x20002ba0   Section    61440  startup_stm32l476xx.o(STACK)

    Global Symbols

    Symbol Name                              Value     Ov Type        Size  Object(Section)

    BuildAttributes$$THM_ISAv4$E$P$D$K$B$S$7EM$VFPi3$EXTD16$VFPS$VFMA$PE$A:L22UL41UL21$X:L11$S22US41US21$IEEE1$IW$USESV6$~STKCKD$USESV7$~SHL$OSPACE$ROPI$EBA8$MICROLIB$REQ8$PRES8$EABIv2 0x00000000   Number         0  anon$$obj.o ABSOLUTE
    __ARM_use_no_argv                        0x00000000   Number         0  main.o ABSOLUTE
    __cpp_initialize__aeabi_                  - Undefined Weak Reference
    __cxa_finalize                            - Undefined Weak Reference
    __decompress                              - Undefined Weak Reference
    _clock_init                               - Undefined Weak Reference
    _microlib_exit                            - Undefined Weak Reference
    __Vectors_Size                           0x00000188   Number         0  startup_stm32l476xx.o ABSOLUTE
    __Vectors                                0x08000000   Data           4  startup_stm32l476xx.o(RESET)
    __Vectors_End                            0x08000188   Data           0  startup_stm32l476xx.o(RESET)
    __main                                   0x08000189   Thumb Code     0  entry.o(.ARM.Collect$$$$00000000)
    _main_stk                                0x08000189   Thumb Code     0  entry2.o(.ARM.Collect$$$$00000001)
    _main_scatterload                        0x0800018d   Thumb Code     0  entry5.o(.ARM.Collect$$$$00000004)
    __main_after_scatterload                 0x08000191   Thumb Code     0  entry5.o(.ARM.Collect$$$$00000004)
    _main_clock                              0x08000191   Thumb Code     0  entry7b.o(.ARM.Collect$$$$00000008)
    _main_cpp_init                           0x08000191   Thumb Code     0  entry8b.o(.ARM.Collect$$$$0000000A)
    _main_init                               0x08000191   Thumb Code     0  entry9a.o(.ARM.Collect$$$$0000000B)
    __rt_final_cpp                           0x08000199   Thumb Code     0  entry10a.o(.ARM.Collect$$$$0000000D)
    __rt_final_exit                          0x08000199   Thumb Code     0  entry11a.o(.ARM.Collect$$$$0000000F)
    SVC_Handler                              0x0800019d   Thumb Code    28  port.o(.emb_text)
    __asm___6_port_c_39a90d8d__prvStartFirstTask 0x080001bd   Thumb Code    36  port.o(.emb_text)
    __asm___6_port_c_39a90d8d__prvEnableVFP  0x080001e5   Thumb Code    16  port.o(.emb_text)
    PendSV_Handler                           0x080001f9   Thumb Code    88  port.o(.emb_text)
    vPortGetIPSR                             0x08000255   Thumb Code     6  port.o(.emb_text)
    Reset_Handler                            0x0800027d   Thumb Code     8  startup_stm32l476xx.o(.text)
    ADC1_2_IRQHandler                        0x08000297   Thumb Code     0  startup_stm32l476xx.o(.text)
    ADC3_IRQHandler                          0x08000297   Thumb Code     0  startup_stm32l476xx.o(.text)
    CAN1_RX0_IRQHandler                      0x08000297   Thumb Code     0  startup_stm32l476xx.o(.text)
    CAN1_RX1_IRQHandler                      0x08000297   Thumb Code     0  startup_stm32l476xx.o(.text)
    CAN1_SCE_IRQHandler                      0x08000297   Thumb Code     0  startup_stm32l476xx.o(.text)
    CAN1_TX_IRQHandler                       0x08000297   Thumb Code     0  startup_stm32l476xx.o(.text)
    COMP_IRQHandler                          0x08000297   Thumb Code     0  startup_stm32l476xx.o(.text)
    DFSDM1_FLT0_IRQHandler                   0x08000297   Thumb Code     0  startup_stm32l476xx.o(.text)
    DFSDM1_FLT1_IRQHandler                   0x08000297   Thumb Code     0  startup_stm32l476xx.o(.text)
    DFSDM1_FLT2_IRQHandler                   0x08000297   Thumb Code     0  startup_stm32l476xx.o(.text)
    DFSDM1_FLT3_IRQHandler                   0x08000297   Thumb Code     0  startup_stm32l476xx.o(.text)
    DMA1_Channel1_IRQHandler                 0x08000297   Thumb Code     0  startup_stm32l476xx.o(.text)
    DMA1_Channel2_IRQHandler                 0x08000297   Thumb Code     0  startup_stm32l476xx.o(.text)
    DMA1_Channel3_IRQHandler                 0x08000297   Thumb Code     0  startup_stm32l476xx.o(.text)
    DMA1_Channel4_IRQHandler                 0x08000297   Thumb Code     0  startup_stm32l476xx.o(.text)
    DMA1_Channel5_IRQHandler                 0x08000297   Thumb Code     0  startup_stm32l476xx.o(.text)
    DMA1_Channel6_IRQHandler                 0x08000297   Thumb Code     0  startup_stm32l476xx.o(.text)
    DMA1_Channel7_IRQHandler                 0x08000297   Thumb Code     0  startup_stm32l476xx.o(.text)
    DMA2_Channel1_IRQHandler                 0x08000297   Thumb Code     0  startup_stm32l476xx.o(.text)
    DMA2_Channel2_IRQHandler                 0x08000297   Thumb Code     0  startup_stm32l476xx.o(.text)
    DMA2_Channel3_IRQHandler                 0x08000297   Thumb Code     0  startup_stm32l476xx.o(.text)
    DMA2_Channel4_IRQHandler                 0x08000297   Thumb Code     0  startup_stm32l476xx.o(.text)
    DMA2_Channel5_IRQHandler                 0x08000297   Thumb Code     0  startup_stm32l476xx.o(.text)
    DMA2_Channel6_IRQHandler                 0x08000297   Thumb Code     0  startup_stm32l476xx.o(.text)
    DMA2_Channel7_IRQHandler                 0x08000297   Thumb Code     0  startup_stm32l476xx.o(.text)
    EXTI0_IRQHandler                         0x08000297   Thumb Code     0  startup_stm32l476xx.o(.text)
    EXTI15_10_IRQHandler                     0x08000297   Thumb Code     0  startup_stm32l476xx.o(.text)
    EXTI1_IRQHandler                         0x08000297   Thumb Code     0  startup_stm32l476xx.o(.text)
    EXTI2_IRQHandler                         0x08000297   Thumb Code     0  startup_stm32l476xx.o(.text)
    EXTI3_IRQHandler                         0x08000297   Thumb Code     0  startup_stm32l476xx.o(.text)
    EXTI4_IRQHandler                         0x08000297   Thumb Code     0  startup_stm32l476xx.o(.text)
    EXTI9_5_IRQHandler                       0x08000297   Thumb Code     0  startup_stm32l476xx.o(.text)
    FLASH_IRQHandler                         0x08000297   Thumb Code     0  startup_stm32l476xx.o(.text)
    FMC_IRQHandler                           0x08000297   Thumb Code     0  startup_stm32l476xx.o(.text)
    FPU_IRQHandler                           0x08000297   Thumb Code     0  startup_stm32l476xx.o(.text)
    I2C1_ER_IRQHandler                       0x08000297   Thumb Code     0  startup_stm32l476xx.o(.text)
    I2C1_EV_IRQHandler                       0x08000297   Thumb Code     0  startup_stm32l476xx.o(.text)
    I2C2_ER_IRQHandler                       0x08000297   Thumb Code     0  startup_stm32l476xx.o(.text)
    I2C2_EV_IRQHandler                       0x08000297   Thumb Code     0  startup_stm32l476xx.o(.text)
    I2C3_ER_IRQHandler                       0x08000297   Thumb Code     0  startup_stm32l476xx.o(.text)
    I2C3_EV_IRQHandler                       0x08000297   Thumb Code     0  startup_stm32l476xx.o(.text)
    LCD_IRQHandler                           0x08000297   Thumb Code     0  startup_stm32l476xx.o(.text)
    LPTIM1_IRQHandler                        0x08000297   Thumb Code     0  startup_stm32l476xx.o(.text)
    LPTIM2_IRQHandler                        0x08000297   Thumb Code     0  startup_stm32l476xx.o(.text)
    LPUART1_IRQHandler                       0x08000297   Thumb Code     0  startup_stm32l476xx.o(.text)
    OTG_FS_IRQHandler                        0x08000297   Thumb Code     0  startup_stm32l476xx.o(.text)
    PVD_PVM_IRQHandler                       0x08000297   Thumb Code     0  startup_stm32l476xx.o(.text)
    QUADSPI_IRQHandler                       0x08000297   Thumb Code     0  startup_stm32l476xx.o(.text)
    RCC_IRQHandler                           0x08000297   Thumb Code     0  startup_stm32l476xx.o(.text)
    RNG_IRQHandler                           0x08000297   Thumb Code     0  startup_stm32l476xx.o(.text)
    RTC_Alarm_IRQHandler                     0x08000297   Thumb Code     0  startup_stm32l476xx.o(.text)
    RTC_WKUP_IRQHandler                      0x08000297   Thumb Code     0  startup_stm32l476xx.o(.text)
    SAI1_IRQHandler                          0x08000297   Thumb Code     0  startup_stm32l476xx.o(.text)
    SAI2_IRQHandler                          0x08000297   Thumb Code     0  startup_stm32l476xx.o(.text)
    SDMMC1_IRQHandler                        0x08000297   Thumb Code     0  startup_stm32l476xx.o(.text)
    SPI1_IRQHandler                          0x08000297   Thumb Code     0  startup_stm32l476xx.o(.text)
    SPI2_IRQHandler                          0x08000297   Thumb Code     0  startup_stm32l476xx.o(.text)
    SPI3_IRQHandler                          0x08000297   Thumb Code     0  startup_stm32l476xx.o(.text)
    SWPMI1_IRQHandler                        0x08000297   Thumb Code     0  startup_stm32l476xx.o(.text)
    TAMP_STAMP_IRQHandler                    0x08000297   Thumb Code     0  startup_stm32l476xx.o(.text)
    TIM1_BRK_TIM15_IRQHandler                0x08000297   Thumb Code     0  startup_stm32l476xx.o(.text)
    TIM1_CC_IRQHandler                       0x08000297   Thumb Code     0  startup_stm32l476xx.o(.text)
    TIM1_TRG_COM_TIM17_IRQHandler            0x08000297   Thumb Code     0  startup_stm32l476xx.o(.text)
    TIM1_UP_TIM16_IRQHandler                 0x08000297   Thumb Code     0  startup_stm32l476xx.o(.text)
    TIM3_IRQHandler                          0x08000297   Thumb Code     0  startup_stm32l476xx.o(.text)
    TIM4_IRQHandler                          0x08000297   Thumb Code     0  startup_stm32l476xx.o(.text)
    TIM5_IRQHandler                          0x08000297   Thumb Code     0  startup_stm32l476xx.o(.text)
    TIM6_DAC_IRQHandler                      0x08000297   Thumb Code     0  startup_stm32l476xx.o(.text)
    TIM7_IRQHandler                          0x08000297   Thumb Code     0  startup_stm32l476xx.o(.text)
    TIM8_BRK_IRQHandler                      0x08000297   Thumb Code     0  startup_stm32l476xx.o(.text)
    TIM8_CC_IRQHandler                       0x08000297   Thumb Code     0  startup_stm32l476xx.o(.text)
    TIM8_TRG_COM_IRQHandler                  0x08000297   Thumb Code     0  startup_stm32l476xx.o(.text)
    TIM8_UP_IRQHandler                       0x08000297   Thumb Code     0  startup_stm32l476xx.o(.text)
    TSC_IRQHandler                           0x08000297   Thumb Code     0  startup_stm32l476xx.o(.text)
    UART4_IRQHandler                         0x08000297   Thumb Code     0  startup_stm32l476xx.o(.text)
    UART5_IRQHandler                         0x08000297   Thumb Code     0  startup_stm32l476xx.o(.text)
    USART1_IRQHandler                        0x08000297   Thumb Code     0  startup_stm32l476xx.o(.text)
    USART3_IRQHandler                        0x08000297   Thumb Code     0  startup_stm32l476xx.o(.text)
    WWDG_IRQHandler                          0x08000297   Thumb Code     0  startup_stm32l476xx.o(.text)
    __aeabi_uldivmod                         0x080002a1   Thumb Code    98  uldiv.o(.text)
    __aeabi_memcpy                           0x08000309   Thumb Code    36  memcpya.o(.text)
    __aeabi_memcpy4                          0x08000309   Thumb Code     0  memcpya.o(.text)
    __aeabi_memcpy8                          0x08000309   Thumb Code     0  memcpya.o(.text)
    __aeabi_memset                           0x0800032d   Thumb Code    14  memseta.o(.text)
    __aeabi_memset4                          0x0800032d   Thumb Code     0  memseta.o(.text)
    __aeabi_memset8                          0x0800032d   Thumb Code     0  memseta.o(.text)
    __aeabi_memclr                           0x0800033b   Thumb Code     4  memseta.o(.text)
    __aeabi_memclr4                          0x0800033b   Thumb Code     0  memseta.o(.text)
    __aeabi_memclr8                          0x0800033b   Thumb Code     0  memseta.o(.text)
    memset                                   0x0800033f   Thumb Code    18  memseta.o(.text)
    strncpy                                  0x08000351   Thumb Code    24  strncpy.o(.text)
    strlen                                   0x08000369   Thumb Code    14  strlen.o(.text)
    __aeabi_i2d                              0x08000377   Thumb Code    34  dflti.o(.text)
    __aeabi_f2d                              0x08000399   Thumb Code    38  f2d.o(.text)
    __aeabi_cdcmpeq                          0x080003c1   Thumb Code     0  cdcmple.o(.text)
    __aeabi_cdcmple                          0x080003c1   Thumb Code    48  cdcmple.o(.text)
    __aeabi_uidiv                            0x080003f1   Thumb Code     0  uidiv.o(.text)
    __aeabi_uidivmod                         0x080003f1   Thumb Code    44  uidiv.o(.text)
    __aeabi_llsl                             0x0800041d   Thumb Code    30  llshl.o(.text)
    _ll_shift_l                              0x0800041d   Thumb Code     0  llshl.o(.text)
    __aeabi_llsr                             0x0800043b   Thumb Code    32  llushr.o(.text)
    _ll_ushift_r                             0x0800043b   Thumb Code     0  llushr.o(.text)
    __I$use$fp                               0x0800045b   Thumb Code     0  iusefp.o(.text)
    _double_round                            0x0800045b   Thumb Code    30  depilogue.o(.text)
    _double_epilogue                         0x08000479   Thumb Code   156  depilogue.o(.text)
    __aeabi_dadd                             0x08000515   Thumb Code   322  dadd.o(.text)
    __aeabi_dsub                             0x08000657   Thumb Code     6  dadd.o(.text)
    __aeabi_drsub                            0x0800065d   Thumb Code     6  dadd.o(.text)
    __aeabi_dmul                             0x08000673   Thumb Code   228  dmul.o(.text)
    __aeabi_ddiv                             0x0800075d   Thumb Code   222  ddiv.o(.text)
    __aeabi_d2ulz                            0x0800083b   Thumb Code    48  dfixul.o(.text)
    __aeabi_cdrcmple                         0x0800086d   Thumb Code    48  cdrcmple.o(.text)
    __scatterload                            0x0800089d   Thumb Code    28  init.o(.text)
    __scatterload_rt2                        0x0800089d   Thumb Code     0  init.o(.text)
    __aeabi_lasr                             0x080008c1   Thumb Code    36  llsshr.o(.text)
    _ll_sshift_r                             0x080008c1   Thumb Code     0  llsshr.o(.text)
    BSP_GYRO_GetXYZ                          0x080008e5   Thumb Code    14  stm32l476g_discovery_gyroscope.o(i.BSP_GYRO_GetXYZ)
    BSP_GYRO_Init                            0x080008f9   Thumb Code    58  stm32l476g_discovery_gyroscope.o(i.BSP_GYRO_Init)
    BusFault_Handler                         0x0800093d   Thumb Code     2  stm32l4xx_it.o(i.BusFault_Handler)
    CalcPosition                             0x08000941   Thumb Code    74  servo_user_task.o(i.CalcPosition)
    DebugMon_Handler                         0x08000995   Thumb Code     2  stm32l4xx_it.o(i.DebugMon_Handler)
    Error_Handler                            0x08000997   Thumb Code     2  main.o(i.Error_Handler)
    GYRO_IO_Init                             0x08000999   Thumb Code   220  stm32l476g_discovery.o(i.GYRO_IO_Init)
    GYRO_IO_Read                             0x08000a89   Thumb Code    86  stm32l476g_discovery.o(i.GYRO_IO_Read)
    GYRO_IO_Write                            0x08000ae9   Thumb Code    80  stm32l476g_discovery.o(i.GYRO_IO_Write)
    GetAngle                                 0x08000b41   Thumb Code    16  p6_gyro.o(i.GetAngle)
    GetTimeElapsed                           0x08000b55   Thumb Code    12  game_task.o(i.GetTimeElapsed)
    GoToRandomPosition                       0x08000b69   Thumb Code    92  servo_computer_task.o(i.GoToRandomPosition)
    HAL_DMA_Abort_IT                         0x08000bcd   Thumb Code    78  stm32l4xx_hal_dma.o(i.HAL_DMA_Abort_IT)
    HAL_GPIO_Init                            0x08000c1d   Thumb Code   414  stm32l4xx_hal_gpio.o(i.HAL_GPIO_Init)
    HAL_GPIO_WritePin                        0x08000de7   Thumb Code    10  stm32l4xx_hal_gpio.o(i.HAL_GPIO_WritePin)
    HAL_GetTick                              0x08000df1   Thumb Code     6  stm32l4xx_hal.o(i.HAL_GetTick)
    HAL_IncTick                              0x08000dfd   Thumb Code    10  stm32l4xx_hal.o(i.HAL_IncTick)
    HAL_Init                                 0x08000e0d   Thumb Code    30  stm32l4xx_hal.o(i.HAL_Init)
    HAL_InitTick                             0x08000e2d   Thumb Code   100  stm32l4xx_hal_timebase_tim.o(i.HAL_InitTick)
    HAL_MspInit                              0x08000e9d   Thumb Code    48  stm32l4xx_hal_msp.o(i.HAL_MspInit)
    HAL_NVIC_EnableIRQ                       0x08000ed1   Thumb Code    22  stm32l4xx_hal_cortex.o(i.HAL_NVIC_EnableIRQ)
    HAL_NVIC_SetPriority                     0x08000ee9   Thumb Code    60  stm32l4xx_hal_cortex.o(i.HAL_NVIC_SetPriority)
    HAL_NVIC_SetPriorityGrouping             0x08000f29   Thumb Code    26  stm32l4xx_hal_cortex.o(i.HAL_NVIC_SetPriorityGrouping)
    HAL_PWREx_ControlVoltageScaling          0x08000f4d   Thumb Code    90  stm32l4xx_hal_pwr_ex.o(i.HAL_PWREx_ControlVoltageScaling)
    HAL_PWREx_GetVoltageRange                0x08000fb5   Thumb Code    10  stm32l4xx_hal_pwr_ex.o(i.HAL_PWREx_GetVoltageRange)
    HAL_RCCEx_PeriphCLKConfig                0x08000fc5   Thumb Code   928  stm32l4xx_hal_rcc_ex.o(i.HAL_RCCEx_PeriphCLKConfig)
    HAL_RCC_ClockConfig                      0x08001375   Thumb Code   264  stm32l4xx_hal_rcc.o(i.HAL_RCC_ClockConfig)
    HAL_RCC_GetClockConfig                   0x0800148d   Thumb Code    54  stm32l4xx_hal_rcc.o(i.HAL_RCC_GetClockConfig)
    HAL_RCC_GetPCLK1Freq                     0x080014cd   Thumb Code    24  stm32l4xx_hal_rcc.o(i.HAL_RCC_GetPCLK1Freq)
    HAL_RCC_GetPCLK2Freq                     0x080014f1   Thumb Code    24  stm32l4xx_hal_rcc.o(i.HAL_RCC_GetPCLK2Freq)
    HAL_RCC_GetSysClockFreq                  0x08001515   Thumb Code   152  stm32l4xx_hal_rcc.o(i.HAL_RCC_GetSysClockFreq)
    HAL_RCC_OscConfig                        0x080015b9   Thumb Code  1118  stm32l4xx_hal_rcc.o(i.HAL_RCC_OscConfig)
    HAL_RNG_GenerateRandomNumber             0x08001a1d   Thumb Code   106  stm32l4xx_hal_rng.o(i.HAL_RNG_GenerateRandomNumber)
    HAL_RNG_Init                             0x08001a87   Thumb Code    50  stm32l4xx_hal_rng.o(i.HAL_RNG_Init)
    HAL_RNG_MspInit                          0x08001ab9   Thumb Code    30  rng.o(i.HAL_RNG_MspInit)
    HAL_SPI_GetState                         0x08001ae1   Thumb Code     6  stm32l4xx_hal_spi.o(i.HAL_SPI_GetState)
    HAL_SPI_Init                             0x08001ae7   Thumb Code   172  stm32l4xx_hal_spi.o(i.HAL_SPI_Init)
    HAL_SPI_MspInit                          0x08001b95   Thumb Code    88  spi.o(i.HAL_SPI_MspInit)
    HAL_TIMEx_Break2Callback                 0x08001bf9   Thumb Code     2  stm32l4xx_hal_tim_ex.o(i.HAL_TIMEx_Break2Callback)
    HAL_TIMEx_BreakCallback                  0x08001bfb   Thumb Code     2  stm32l4xx_hal_tim_ex.o(i.HAL_TIMEx_BreakCallback)
    HAL_TIMEx_CommutationCallback            0x08001bfd   Thumb Code     2  stm32l4xx_hal_tim_ex.o(i.HAL_TIMEx_CommutationCallback)
    HAL_TIMEx_MasterConfigSynchronization    0x08001c01   Thumb Code    88  stm32l4xx_hal_tim_ex.o(i.HAL_TIMEx_MasterConfigSynchronization)
    HAL_TIM_Base_Init                        0x08001c61   Thumb Code    54  stm32l4xx_hal_tim.o(i.HAL_TIM_Base_Init)
    HAL_TIM_Base_MspInit                     0x08001c99   Thumb Code    30  tim.o(i.HAL_TIM_Base_MspInit)
    HAL_TIM_Base_Start_IT                    0x08001cc1   Thumb Code    44  stm32l4xx_hal_tim.o(i.HAL_TIM_Base_Start_IT)
    HAL_TIM_ConfigClockSource                0x08001cf1   Thumb Code   230  stm32l4xx_hal_tim.o(i.HAL_TIM_ConfigClockSource)
    HAL_TIM_IC_CaptureCallback               0x08001ddd   Thumb Code     2  stm32l4xx_hal_tim.o(i.HAL_TIM_IC_CaptureCallback)
    HAL_TIM_IRQHandler                       0x08001ddf   Thumb Code   388  stm32l4xx_hal_tim.o(i.HAL_TIM_IRQHandler)
    HAL_TIM_OC_DelayElapsedCallback          0x08001f63   Thumb Code     2  stm32l4xx_hal_tim.o(i.HAL_TIM_OC_DelayElapsedCallback)
    HAL_TIM_PWM_PulseFinishedCallback        0x08001f65   Thumb Code     2  stm32l4xx_hal_tim.o(i.HAL_TIM_PWM_PulseFinishedCallback)
    HAL_TIM_PeriodElapsedCallback            0x08001f67   Thumb Code    14  main.o(i.HAL_TIM_PeriodElapsedCallback)
    HAL_TIM_TriggerCallback                  0x08001f75   Thumb Code     2  stm32l4xx_hal_tim.o(i.HAL_TIM_TriggerCallback)
    HAL_UARTEx_WakeupCallback                0x08001f77   Thumb Code     2  stm32l4xx_hal_uart_ex.o(i.HAL_UARTEx_WakeupCallback)
    HAL_UART_ErrorCallback                   0x08001f79   Thumb Code     2  stm32l4xx_hal_uart.o(i.HAL_UART_ErrorCallback)
    HAL_UART_IRQHandler                      0x08001f7d   Thumb Code   320  stm32l4xx_hal_uart.o(i.HAL_UART_IRQHandler)
    HAL_UART_Init                            0x080020c1   Thumb Code   106  stm32l4xx_hal_uart.o(i.HAL_UART_Init)
    HAL_UART_MspInit                         0x0800212d   Thumb Code   104  usart.o(i.HAL_UART_MspInit)
    HAL_UART_Transmit                        0x080021a1   Thumb Code   176  stm32l4xx_hal_uart.o(i.HAL_UART_Transmit)
    HAL_UART_TxCpltCallback                  0x08002251   Thumb Code     2  stm32l4xx_hal_uart.o(i.HAL_UART_TxCpltCallback)
    HardFault_Handler                        0x08002253   Thumb Code     2  stm32l4xx_it.o(i.HardFault_Handler)
    InitGPIOForPWM                           0x08002255   Thumb Code    64  pwm.o(i.InitGPIOForPWM)
    InitPWM                                  0x08002299   Thumb Code    30  pwm.o(i.InitPWM)
    InitTimer3                               0x080022b9   Thumb Code    44  timer.o(i.InitTimer3)
    InitTimerForPWM                          0x080022ed   Thumb Code   182  pwm.o(i.InitTimerForPWM)
    L3GD20_DeInit                            0x080023ad   Thumb Code     2  l3gd20.o(i.L3GD20_DeInit)
    L3GD20_DisableIT                         0x080023af   Thumb Code    56  l3gd20.o(i.L3GD20_DisableIT)
    L3GD20_EnableIT                          0x080023e7   Thumb Code    64  l3gd20.o(i.L3GD20_EnableIT)
    L3GD20_FilterCmd                         0x08002427   Thumb Code    40  l3gd20.o(i.L3GD20_FilterCmd)
    L3GD20_FilterConfig                      0x0800244f   Thumb Code    40  l3gd20.o(i.L3GD20_FilterConfig)
    L3GD20_INT1InterruptConfig               0x08002477   Thumb Code    82  l3gd20.o(i.L3GD20_INT1InterruptConfig)
    L3GD20_Init                              0x080024c9   Thumb Code    46  l3gd20.o(i.L3GD20_Init)
    L3GD20_LowPower                          0x080024f7   Thumb Code    18  l3gd20.o(i.L3GD20_LowPower)
    L3GD20_ReadID                            0x08002509   Thumb Code    22  l3gd20.o(i.L3GD20_ReadID)
    L3GD20_ReadXYZAngRate                    0x08002521   Thumb Code   186  l3gd20.o(i.L3GD20_ReadXYZAngRate)
    L3GD20_RebootCmd                         0x080025ed   Thumb Code    36  l3gd20.o(i.L3GD20_RebootCmd)
    MX_FREERTOS_Init                         0x08002611   Thumb Code    30  freertos.o(i.MX_FREERTOS_Init)
    MX_GPIO_Init                             0x08002639   Thumb Code   122  gpio.o(i.MX_GPIO_Init)
    MX_RNG_Init                              0x080026c5   Thumb Code    28  rng.o(i.MX_RNG_Init)
    MX_SPI2_Init                             0x080026e9   Thumb Code    70  spi.o(i.MX_SPI2_Init)
    MX_TIM5_Init                             0x08002739   Thumb Code    96  tim.o(i.MX_TIM5_Init)
    MX_USART2_UART_Init                      0x080027a1   Thumb Code    52  usart.o(i.MX_USART2_UART_Init)
    MemManage_Handler                        0x080027dd   Thumb Code     2  stm32l4xx_it.o(i.MemManage_Handler)
    NMI_Handler                              0x080027df   Thumb Code     2  stm32l4xx_it.o(i.NMI_Handler)
    RestartGame                              0x08002ab1   Thumb Code    22  game_task.o(i.RestartGame)
    SetPWMPulsePosition                      0x08002ba1   Thumb Code    76  pwm.o(i.SetPWMPulsePosition)
    SetPWMPulseWidth1                        0x08002bf1   Thumb Code     8  pwm.o(i.SetPWMPulseWidth1)
    SetPWMPulseWidth2                        0x08002bf9   Thumb Code     8  pwm.o(i.SetPWMPulseWidth2)
    StartDefaultTask                         0x08002c01   Thumb Code     8  freertos.o(i.StartDefaultTask)
    StartLevel                               0x08002c09   Thumb Code    22  game_task.o(i.StartLevel)
    SysTick_Handler                          0x08002c29   Thumb Code    38  port.o(i.SysTick_Handler)
    SystemClock_Config                       0x08002c55   Thumb Code   142  main.o(i.SystemClock_Config)
    SystemInit                               0x08002ce9   Thumb Code    56  system_stm32l4xx.o(i.SystemInit)
    TIM2_IRQHandler                          0x08002d2d   Thumb Code     6  stm32l4xx_it.o(i.TIM2_IRQHandler)
    TIM_Base_SetConfig                       0x08002d39   Thumb Code   160  stm32l4xx_hal_tim.o(i.TIM_Base_SetConfig)
    TIM_ETR_SetConfig                        0x08002df9   Thumb Code    20  stm32l4xx_hal_tim.o(i.TIM_ETR_SetConfig)
    UART_AdvFeatureConfig                    0x08002e63   Thumb Code   200  stm32l4xx_hal_uart.o(i.UART_AdvFeatureConfig)
    UART_CheckIdleState                      0x08002f2b   Thumb Code    92  stm32l4xx_hal_uart.o(i.UART_CheckIdleState)
    UART_SetConfig                           0x08002fbd   Thumb Code   622  stm32l4xx_hal_uart.o(i.UART_SetConfig)
    UART_WaitOnFlagUntilTimeout              0x0800325d   Thumb Code   100  stm32l4xx_hal_uart.o(i.UART_WaitOnFlagUntilTimeout)
    USART2_IRQHandler                        0x080032c1   Thumb Code     6  stm32l4xx_it.o(i.USART2_IRQHandler)
    USART_Printf                             0x080032cd   Thumb Code    42  usart.o(i.USART_Printf)
    UsageFault_Handler                       0x080032fd   Thumb Code     2  stm32l4xx_it.o(i.UsageFault_Handler)
    WaitTIM3                                 0x08003301   Thumb Code    14  timer.o(i.WaitTIM3)
    __0vsnprintf                             0x08003315   Thumb Code    40  printfa.o(i.__0vsnprintf)
    __1vsnprintf                             0x08003315   Thumb Code     0  printfa.o(i.__0vsnprintf)
    __2vsnprintf                             0x08003315   Thumb Code     0  printfa.o(i.__0vsnprintf)
    __c89vsnprintf                           0x08003315   Thumb Code     0  printfa.o(i.__0vsnprintf)
    vsnprintf                                0x08003315   Thumb Code     0  printfa.o(i.__0vsnprintf)
    __scatterload_copy                       0x08003341   Thumb Code    14  handlers.o(i.__scatterload_copy)
    __scatterload_null                       0x0800334f   Thumb Code     2  handlers.o(i.__scatterload_null)
    __scatterload_zeroinit                   0x08003351   Thumb Code    14  handlers.o(i.__scatterload_zeroinit)
    display_task                             0x08003c39   Thumb Code   148  display_task.o(i.display_task)
    display_task_init                        0x08003d65   Thumb Code    34  display_task.o(i.display_task_init)
    game_task                                0x08003da1   Thumb Code   118  game_task.o(i.game_task)
    game_task_init                           0x08003e31   Thumb Code    46  game_task.o(i.game_task_init)
    gyro_task                                0x08003e79   Thumb Code    68  p6_gyro.o(i.gyro_task)
    gyro_task_init                           0x08003ec5   Thumb Code    46  p6_gyro.o(i.gyro_task_init)
    main                                     0x08003f01   Thumb Code    90  main.o(i.main)
    osDelay                                  0x08003fd5   Thumb Code    14  cmsis_os.o(i.osDelay)
    osKernelStart                            0x08003fe3   Thumb Code    10  cmsis_os.o(i.osKernelStart)
    osThreadCreate                           0x08003fed   Thumb Code    46  cmsis_os.o(i.osThreadCreate)
    pvPortMalloc                             0x08004341   Thumb Code   210  heap_4.o(i.pvPortMalloc)
    pxPortInitialiseStack                    0x08004419   Thumb Code    40  port.o(i.pxPortInitialiseStack)
    servo_computer_task                      0x08004445   Thumb Code    20  servo_computer_task.o(i.servo_computer_task)
    servo_computer_task_init                 0x0800445d   Thumb Code    42  servo_computer_task.o(i.servo_computer_task_init)
    servo_user_task                          0x080044a5   Thumb Code    32  servo_user_task.o(i.servo_user_task)
    servo_user_task_init                     0x080044c9   Thumb Code    42  servo_user_task.o(i.servo_user_task_init)
    uxListRemove                             0x08004511   Thumb Code    38  list.o(i.uxListRemove)
    vApplicationIdleHook                     0x08004537   Thumb Code     2  freertos.o(i.vApplicationIdleHook)
    vListInitialise                          0x08004539   Thumb Code    22  list.o(i.vListInitialise)
    vListInitialiseItem                      0x0800454f   Thumb Code     6  list.o(i.vListInitialiseItem)
    vListInsert                              0x08004555   Thumb Code    48  list.o(i.vListInsert)
    vListInsertEnd                           0x08004585   Thumb Code    24  list.o(i.vListInsertEnd)
    vPortEnterCritical                       0x0800459d   Thumb Code    54  port.o(i.vPortEnterCritical)
    vPortExitCritical                        0x080045dd   Thumb Code    34  port.o(i.vPortExitCritical)
    vPortFree                                0x08004605   Thumb Code    88  heap_4.o(i.vPortFree)
    vPortSetupTimerInterrupt                 0x08004661   Thumb Code    32  port.o(i.vPortSetupTimerInterrupt)
    vTaskDelay                               0x08004685   Thumb Code    66  tasks.o(i.vTaskDelay)
    vTaskStartScheduler                      0x080046d1   Thumb Code    86  tasks.o(i.vTaskStartScheduler)
    vTaskSuspendAll                          0x08004739   Thumb Code    10  tasks.o(i.vTaskSuspendAll)
    vTaskSwitchContext                       0x08004749   Thumb Code    82  tasks.o(i.vTaskSwitchContext)
    xPortStartScheduler                      0x080047a5   Thumb Code   222  port.o(i.xPortStartScheduler)
    xTaskCreate                              0x08004899   Thumb Code    86  tasks.o(i.xTaskCreate)
    xTaskIncrementTick                       0x080048f5   Thumb Code   192  tasks.o(i.xTaskIncrementTick)
    xTaskResumeAll                           0x080049bd   Thumb Code   182  tasks.o(i.xTaskResumeAll)
    AHBPrescTable                            0x08004a94   Data          16  system_stm32l4xx.o(.constdata)
    MSIRangeTable                            0x08004aa4   Data          48  system_stm32l4xx.o(.constdata)
    APBPrescTable                            0x08004ad4   Data           8  system_stm32l4xx.o(.constdata)
    Region$$Table$$Base                      0x08004ae8   Number         0  anon$$obj.o(Region$$Table)
    Region$$Table$$Limit                     0x08004b08   Number         0  anon$$obj.o(Region$$Table)
    PWMOneLastPosition                       0x20000000   Data           1  pwm.o(.data)
    PWMTwoLastPosition                       0x20000001   Data           1  pwm.o(.data)
    defaultTaskHandle                        0x20000004   Data           4  freertos.o(.data)
    uwTick                                   0x20000008   Data           4  stm32l4xx_hal.o(.data)
    SystemCoreClock                          0x2000000c   Data           4  system_stm32l4xx.o(.data)
    L3gd20Drv                                0x20000014   Data          52  l3gd20.o(.data)
    pxCurrentTCB                             0x20000048   Data           4  tasks.o(.data)
    gyro_velocity                            0x200000a8   Data          12  p6_gyro.o(.bss)
    gyro_angle                               0x200000b4   Data          12  p6_gyro.o(.bss)
    servo_computer_params                    0x200000c0   Data          28  servo_computer_task.o(.bss)
    servo_user_params                        0x200000dc   Data          28  servo_user_task.o(.bss)
    hrng                                     0x200000f8   Data          16  rng.o(.bss)
    hspi2                                    0x20000108   Data         100  spi.o(.bss)
    htim5                                    0x2000016c   Data          64  tim.o(.bss)
    huart2                                   0x200001ac   Data         120  usart.o(.bss)
    htim2                                    0x20000224   Data          64  stm32l4xx_hal_timebase_tim.o(.bss)
    game_params                              0x20000264   Data          40  game_task.o(.bss)
    display_task_params                      0x2000028c   Data          20  display_task.o(.bss)
    __initial_sp                             0x20011ba0   Data           0  startup_stm32l476xx.o(STACK)



==============================================================================

Memory Map of the image

  Image Entry point : 0x08000189

  Load Region LR_IROM1 (Base: 0x08000000, Size: 0x00004bb0, Max: 0x00100000, ABSOLUTE)

    Execution Region ER_IROM1 (Exec base: 0x08000000, Load base: 0x08000000, Size: 0x00004b08, Max: 0x00100000, ABSOLUTE)

    Exec Addr    Load Addr    Size         Type   Attr      Idx    E Section Name        Object

    0x08000000   0x08000000   0x00000188   Data   RO            3    RESET               startup_stm32l476xx.o
    0x08000188   0x08000188   0x00000000   Code   RO         6362  * .ARM.Collect$$$$00000000  mc_w.l(entry.o)
    0x08000188   0x08000188   0x00000004   Code   RO         6413    .ARM.Collect$$$$00000001  mc_w.l(entry2.o)
    0x0800018c   0x0800018c   0x00000004   Code   RO         6416    .ARM.Collect$$$$00000004  mc_w.l(entry5.o)
    0x08000190   0x08000190   0x00000000   Code   RO         6418    .ARM.Collect$$$$00000008  mc_w.l(entry7b.o)
    0x08000190   0x08000190   0x00000000   Code   RO         6420    .ARM.Collect$$$$0000000A  mc_w.l(entry8b.o)
    0x08000190   0x08000190   0x00000008   Code   RO         6421    .ARM.Collect$$$$0000000B  mc_w.l(entry9a.o)
    0x08000198   0x08000198   0x00000000   Code   RO         6423    .ARM.Collect$$$$0000000D  mc_w.l(entry10a.o)
    0x08000198   0x08000198   0x00000000   Code   RO         6425    .ARM.Collect$$$$0000000F  mc_w.l(entry11a.o)
    0x08000198   0x08000198   0x00000004   Code   RO         6414    .ARM.Collect$$$$00002712  mc_w.l(entry2.o)
    0x0800019c   0x0800019c   0x000000de   Code   RO         6285    .emb_text           port.o
    0x0800027a   0x0800027a   0x00000002   PAD
    0x0800027c   0x0800027c   0x00000024   Code   RO            4    .text               startup_stm32l476xx.o
    0x080002a0   0x080002a0   0x00000068   Code   RO         6365    .text               mc_w.l(uldiv.o)
    0x08000308   0x08000308   0x00000024   Code   RO         6367    .text               mc_w.l(memcpya.o)
    0x0800032c   0x0800032c   0x00000024   Code   RO         6371    .text               mc_w.l(memseta.o)
    0x08000350   0x08000350   0x00000018   Code   RO         6373    .text               mc_w.l(strncpy.o)
    0x08000368   0x08000368   0x0000000e   Code   RO         6375    .text               mc_w.l(strlen.o)
    0x08000376   0x08000376   0x00000022   Code   RO         6407    .text               mf_w.l(dflti.o)
    0x08000398   0x08000398   0x00000026   Code   RO         6409    .text               mf_w.l(f2d.o)
    0x080003be   0x080003be   0x00000002   PAD
    0x080003c0   0x080003c0   0x00000030   Code   RO         6411    .text               mf_w.l(cdcmple.o)
    0x080003f0   0x080003f0   0x0000002c   Code   RO         6430    .text               mc_w.l(uidiv.o)
    0x0800041c   0x0800041c   0x0000001e   Code   RO         6432    .text               mc_w.l(llshl.o)
    0x0800043a   0x0800043a   0x00000020   Code   RO         6434    .text               mc_w.l(llushr.o)
    0x0800045a   0x0800045a   0x00000000   Code   RO         6436    .text               mc_w.l(iusefp.o)
    0x0800045a   0x0800045a   0x000000ba   Code   RO         6437    .text               mf_w.l(depilogue.o)
    0x08000514   0x08000514   0x0000015e   Code   RO         6439    .text               mf_w.l(dadd.o)
    0x08000672   0x08000672   0x000000ea   Code   RO         6441    .text               mf_w.l(dmul.o)
    0x0800075c   0x0800075c   0x000000de   Code   RO         6443    .text               mf_w.l(ddiv.o)
    0x0800083a   0x0800083a   0x00000030   Code   RO         6445    .text               mf_w.l(dfixul.o)
    0x0800086a   0x0800086a   0x00000002   PAD
    0x0800086c   0x0800086c   0x00000030   Code   RO         6447    .text               mf_w.l(cdrcmple.o)
    0x0800089c   0x0800089c   0x00000024   Code   RO         6449    .text               mc_w.l(init.o)
    0x080008c0   0x080008c0   0x00000024   Code   RO         6452    .text               mc_w.l(llsshr.o)
    0x080008e4   0x080008e4   0x00000014   Code   RO         4974    i.BSP_GYRO_GetXYZ   stm32l476g_discovery_gyroscope.o
    0x080008f8   0x080008f8   0x00000044   Code   RO         4976    i.BSP_GYRO_Init     stm32l476g_discovery_gyroscope.o
    0x0800093c   0x0800093c   0x00000002   Code   RO          726    i.BusFault_Handler  stm32l4xx_it.o
    0x0800093e   0x0800093e   0x00000002   PAD
    0x08000940   0x08000940   0x00000054   Code   RO          285    i.CalcPosition      servo_user_task.o
    0x08000994   0x08000994   0x00000002   Code   RO          727    i.DebugMon_Handler  stm32l4xx_it.o
    0x08000996   0x08000996   0x00000002   Code   RO          395    i.Error_Handler     main.o
    0x08000998   0x08000998   0x000000f0   Code   RO         4672    i.GYRO_IO_Init      stm32l476g_discovery.o
    0x08000a88   0x08000a88   0x00000060   Code   RO         4673    i.GYRO_IO_Read      stm32l476g_discovery.o
    0x08000ae8   0x08000ae8   0x00000058   Code   RO         4674    i.GYRO_IO_Write     stm32l476g_discovery.o
    0x08000b40   0x08000b40   0x00000014   Code   RO           13    i.GetAngle          p6_gyro.o
    0x08000b54   0x08000b54   0x00000014   Code   RO          859    i.GetTimeElapsed    game_task.o
    0x08000b68   0x08000b68   0x00000064   Code   RO          230    i.GoToRandomPosition  servo_computer_task.o
    0x08000bcc   0x08000bcc   0x0000004e   Code   RO         4007    i.HAL_DMA_Abort_IT  stm32l4xx_hal_dma.o
    0x08000c1a   0x08000c1a   0x00000002   PAD
    0x08000c1c   0x08000c1c   0x000001ca   Code   RO         3942    i.HAL_GPIO_Init     stm32l4xx_hal_gpio.o
    0x08000de6   0x08000de6   0x0000000a   Code   RO         3946    i.HAL_GPIO_WritePin  stm32l4xx_hal_gpio.o
    0x08000df0   0x08000df0   0x0000000c   Code   RO         2767    i.HAL_GetTick       stm32l4xx_hal.o
    0x08000dfc   0x08000dfc   0x00000010   Code   RO         2771    i.HAL_IncTick       stm32l4xx_hal.o
    0x08000e0c   0x08000e0c   0x0000001e   Code   RO         2772    i.HAL_Init          stm32l4xx_hal.o
    0x08000e2a   0x08000e2a   0x00000002   PAD
    0x08000e2c   0x08000e2c   0x00000070   Code   RO          820    i.HAL_InitTick      stm32l4xx_hal_timebase_tim.o
    0x08000e9c   0x08000e9c   0x00000034   Code   RO          796    i.HAL_MspInit       stm32l4xx_hal_msp.o
    0x08000ed0   0x08000ed0   0x00000016   Code   RO         4483    i.HAL_NVIC_EnableIRQ  stm32l4xx_hal_cortex.o
    0x08000ee6   0x08000ee6   0x00000002   PAD
    0x08000ee8   0x08000ee8   0x00000040   Code   RO         4489    i.HAL_NVIC_SetPriority  stm32l4xx_hal_cortex.o
    0x08000f28   0x08000f28   0x00000024   Code   RO         4490    i.HAL_NVIC_SetPriorityGrouping  stm32l4xx_hal_cortex.o
    0x08000f4c   0x08000f4c   0x00000068   Code   RO         4233    i.HAL_PWREx_ControlVoltageScaling  stm32l4xx_hal_pwr_ex.o
    0x08000fb4   0x08000fb4   0x00000010   Code   RO         4264    i.HAL_PWREx_GetVoltageRange  stm32l4xx_hal_pwr_ex.o
    0x08000fc4   0x08000fc4   0x000003ae   Code   RO         3599    i.HAL_RCCEx_PeriphCLKConfig  stm32l4xx_hal_rcc_ex.o
    0x08001372   0x08001372   0x00000002   PAD
    0x08001374   0x08001374   0x00000118   Code   RO         3484    i.HAL_RCC_ClockConfig  stm32l4xx_hal_rcc.o
    0x0800148c   0x0800148c   0x00000040   Code   RO         3487    i.HAL_RCC_GetClockConfig  stm32l4xx_hal_rcc.o
    0x080014cc   0x080014cc   0x00000024   Code   RO         3490    i.HAL_RCC_GetPCLK1Freq  stm32l4xx_hal_rcc.o
    0x080014f0   0x080014f0   0x00000024   Code   RO         3491    i.HAL_RCC_GetPCLK2Freq  stm32l4xx_hal_rcc.o
    0x08001514   0x08001514   0x000000a4   Code   RO         3492    i.HAL_RCC_GetSysClockFreq  stm32l4xx_hal_rcc.o
    0x080015b8   0x080015b8   0x00000464   Code   RO         3495    i.HAL_RCC_OscConfig  stm32l4xx_hal_rcc.o
    0x08001a1c   0x08001a1c   0x0000006a   Code   RO          985    i.HAL_RNG_GenerateRandomNumber  stm32l4xx_hal_rng.o
    0x08001a86   0x08001a86   0x00000032   Code   RO          992    i.HAL_RNG_Init      stm32l4xx_hal_rng.o
    0x08001ab8   0x08001ab8   0x00000028   Code   RO          542    i.HAL_RNG_MspInit   rng.o
    0x08001ae0   0x08001ae0   0x00000006   Code   RO         1094    i.HAL_SPI_GetState  stm32l4xx_hal_spi.o
    0x08001ae6   0x08001ae6   0x000000ac   Code   RO         1096    i.HAL_SPI_Init      stm32l4xx_hal_spi.o
    0x08001b92   0x08001b92   0x00000002   PAD
    0x08001b94   0x08001b94   0x00000064   Code   RO          585    i.HAL_SPI_MspInit   spi.o
    0x08001bf8   0x08001bf8   0x00000002   Code   RO         2077    i.HAL_TIMEx_Break2Callback  stm32l4xx_hal_tim_ex.o
    0x08001bfa   0x08001bfa   0x00000002   Code   RO         2078    i.HAL_TIMEx_BreakCallback  stm32l4xx_hal_tim_ex.o
    0x08001bfc   0x08001bfc   0x00000002   Code   RO         2079    i.HAL_TIMEx_CommutationCallback  stm32l4xx_hal_tim_ex.o
    0x08001bfe   0x08001bfe   0x00000002   PAD
    0x08001c00   0x08001c00   0x00000060   Code   RO         2097    i.HAL_TIMEx_MasterConfigSynchronization  stm32l4xx_hal_tim_ex.o
    0x08001c60   0x08001c60   0x00000036   Code   RO         1438    i.HAL_TIM_Base_Init  stm32l4xx_hal_tim.o
    0x08001c96   0x08001c96   0x00000002   PAD
    0x08001c98   0x08001c98   0x00000028   Code   RO          628    i.HAL_TIM_Base_MspInit  tim.o
    0x08001cc0   0x08001cc0   0x00000030   Code   RO         1443    i.HAL_TIM_Base_Start_IT  stm32l4xx_hal_tim.o
    0x08001cf0   0x08001cf0   0x000000ec   Code   RO         1447    i.HAL_TIM_ConfigClockSource  stm32l4xx_hal_tim.o
    0x08001ddc   0x08001ddc   0x00000002   Code   RO         1467    i.HAL_TIM_IC_CaptureCallback  stm32l4xx_hal_tim.o
    0x08001dde   0x08001dde   0x00000184   Code   RO         1480    i.HAL_TIM_IRQHandler  stm32l4xx_hal_tim.o
    0x08001f62   0x08001f62   0x00000002   Code   RO         1483    i.HAL_TIM_OC_DelayElapsedCallback  stm32l4xx_hal_tim.o
    0x08001f64   0x08001f64   0x00000002   Code   RO         1510    i.HAL_TIM_PWM_PulseFinishedCallback  stm32l4xx_hal_tim.o
    0x08001f66   0x08001f66   0x0000000e   Code   RO          396    i.HAL_TIM_PeriodElapsedCallback  main.o
    0x08001f74   0x08001f74   0x00000002   Code   RO         1521    i.HAL_TIM_TriggerCallback  stm32l4xx_hal_tim.o
    0x08001f76   0x08001f76   0x00000002   Code   RO         2697    i.HAL_UARTEx_WakeupCallback  stm32l4xx_hal_uart_ex.o
    0x08001f78   0x08001f78   0x00000002   Code   RO         2356    i.HAL_UART_ErrorCallback  stm32l4xx_hal_uart.o
    0x08001f7a   0x08001f7a   0x00000002   PAD
    0x08001f7c   0x08001f7c   0x00000144   Code   RO         2359    i.HAL_UART_IRQHandler  stm32l4xx_hal_uart.o
    0x080020c0   0x080020c0   0x0000006a   Code   RO         2360    i.HAL_UART_Init     stm32l4xx_hal_uart.o
    0x0800212a   0x0800212a   0x00000002   PAD
    0x0800212c   0x0800212c   0x00000074   Code   RO          671    i.HAL_UART_MspInit  usart.o
    0x080021a0   0x080021a0   0x000000b0   Code   RO         2368    i.HAL_UART_Transmit  stm32l4xx_hal_uart.o
    0x08002250   0x08002250   0x00000002   Code   RO         2371    i.HAL_UART_TxCpltCallback  stm32l4xx_hal_uart.o
    0x08002252   0x08002252   0x00000002   Code   RO          728    i.HardFault_Handler  stm32l4xx_it.o
    0x08002254   0x08002254   0x00000044   Code   RO          327    i.InitGPIOForPWM    pwm.o
    0x08002298   0x08002298   0x0000001e   Code   RO          328    i.InitPWM           pwm.o
    0x080022b6   0x080022b6   0x00000002   PAD
    0x080022b8   0x080022b8   0x00000034   Code   RO          914    i.InitTimer3        timer.o
    0x080022ec   0x080022ec   0x000000c0   Code   RO          329    i.InitTimerForPWM   pwm.o
    0x080023ac   0x080023ac   0x00000002   Code   RO         5052    i.L3GD20_DeInit     l3gd20.o
    0x080023ae   0x080023ae   0x00000038   Code   RO         5053    i.L3GD20_DisableIT  l3gd20.o
    0x080023e6   0x080023e6   0x00000040   Code   RO         5054    i.L3GD20_EnableIT   l3gd20.o
    0x08002426   0x08002426   0x00000028   Code   RO         5055    i.L3GD20_FilterCmd  l3gd20.o
    0x0800244e   0x0800244e   0x00000028   Code   RO         5056    i.L3GD20_FilterConfig  l3gd20.o
    0x08002476   0x08002476   0x00000052   Code   RO         5058    i.L3GD20_INT1InterruptConfig  l3gd20.o
    0x080024c8   0x080024c8   0x0000002e   Code   RO         5059    i.L3GD20_Init       l3gd20.o
    0x080024f6   0x080024f6   0x00000012   Code   RO         5060    i.L3GD20_LowPower   l3gd20.o
    0x08002508   0x08002508   0x00000016   Code   RO         5061    i.L3GD20_ReadID     l3gd20.o
    0x0800251e   0x0800251e   0x00000002   PAD
    0x08002520   0x08002520   0x000000cc   Code   RO         5062    i.L3GD20_ReadXYZAngRate  l3gd20.o
    0x080025ec   0x080025ec   0x00000024   Code   RO         5063    i.L3GD20_RebootCmd  l3gd20.o
    0x08002610   0x08002610   0x00000028   Code   RO          492    i.MX_FREERTOS_Init  freertos.o
    0x08002638   0x08002638   0x0000008c   Code   RO          468    i.MX_GPIO_Init      gpio.o
    0x080026c4   0x080026c4   0x00000024   Code   RO          543    i.MX_RNG_Init       rng.o
    0x080026e8   0x080026e8   0x00000050   Code   RO          586    i.MX_SPI2_Init      spi.o
    0x08002738   0x08002738   0x00000068   Code   RO          629    i.MX_TIM5_Init      tim.o
    0x080027a0   0x080027a0   0x0000003c   Code   RO          672    i.MX_USART2_UART_Init  usart.o
    0x080027dc   0x080027dc   0x00000002   Code   RO          729    i.MemManage_Handler  stm32l4xx_it.o
    0x080027de   0x080027de   0x00000002   Code   RO          730    i.NMI_Handler       stm32l4xx_it.o
    0x080027e0   0x080027e0   0x00000020   Code   RO         4496    i.NVIC_SetPriority  stm32l4xx_hal_cortex.o
    0x08002800   0x08002800   0x0000012c   Code   RO         3603    i.RCCEx_PLLSAI1_Config  stm32l4xx_hal_rcc_ex.o
    0x0800292c   0x0800292c   0x00000108   Code   RO         3604    i.RCCEx_PLLSAI2_Config  stm32l4xx_hal_rcc_ex.o
    0x08002a34   0x08002a34   0x0000007c   Code   RO         3496    i.RCC_SetFlashLatencyFromMSIRange  stm32l4xx_hal_rcc.o
    0x08002ab0   0x08002ab0   0x00000020   Code   RO          860    i.RestartGame       game_task.o
    0x08002ad0   0x08002ad0   0x00000094   Code   RO         4698    i.SPIx_Init         stm32l476g_discovery.o
    0x08002b64   0x08002b64   0x0000003c   Code   RO         4701    i.SPIx_WriteRead    stm32l476g_discovery.o
    0x08002ba0   0x08002ba0   0x00000050   Code   RO          330    i.SetPWMPulsePosition  pwm.o
    0x08002bf0   0x08002bf0   0x00000008   Code   RO          331    i.SetPWMPulseWidth1  pwm.o
    0x08002bf8   0x08002bf8   0x00000008   Code   RO          332    i.SetPWMPulseWidth2  pwm.o
    0x08002c00   0x08002c00   0x00000008   Code   RO          493    i.StartDefaultTask  freertos.o
    0x08002c08   0x08002c08   0x00000020   Code   RO          861    i.StartLevel        game_task.o
    0x08002c28   0x08002c28   0x0000002c   Code   RO         6286    i.SysTick_Handler   port.o
    0x08002c54   0x08002c54   0x00000094   Code   RO          397    i.SystemClock_Config  main.o
    0x08002ce8   0x08002ce8   0x00000044   Code   RO         4614    i.SystemInit        system_stm32l4xx.o
    0x08002d2c   0x08002d2c   0x0000000c   Code   RO          731    i.TIM2_IRQHandler   stm32l4xx_it.o
    0x08002d38   0x08002d38   0x000000c0   Code   RO         1522    i.TIM_Base_SetConfig  stm32l4xx_hal_tim.o
    0x08002df8   0x08002df8   0x00000014   Code   RO         1529    i.TIM_ETR_SetConfig  stm32l4xx_hal_tim.o
    0x08002e0c   0x08002e0c   0x00000010   Code   RO         1530    i.TIM_ITRx_SetConfig  stm32l4xx_hal_tim.o
    0x08002e1c   0x08002e1c   0x00000022   Code   RO         1538    i.TIM_TI1_ConfigInputStage  stm32l4xx_hal_tim.o
    0x08002e3e   0x08002e3e   0x00000024   Code   RO         1540    i.TIM_TI2_ConfigInputStage  stm32l4xx_hal_tim.o
    0x08002e62   0x08002e62   0x000000c8   Code   RO         2373    i.UART_AdvFeatureConfig  stm32l4xx_hal_uart.o
    0x08002f2a   0x08002f2a   0x0000005c   Code   RO         2374    i.UART_CheckIdleState  stm32l4xx_hal_uart.o
    0x08002f86   0x08002f86   0x00000014   Code   RO         2375    i.UART_DMAAbortOnError  stm32l4xx_hal_uart.o
    0x08002f9a   0x08002f9a   0x00000020   Code   RO         2385    i.UART_EndRxTransfer  stm32l4xx_hal_uart.o
    0x08002fba   0x08002fba   0x00000002   PAD
    0x08002fbc   0x08002fbc   0x000002a0   Code   RO         2389    i.UART_SetConfig    stm32l4xx_hal_uart.o
    0x0800325c   0x0800325c   0x00000064   Code   RO         2392    i.UART_WaitOnFlagUntilTimeout  stm32l4xx_hal_uart.o
    0x080032c0   0x080032c0   0x0000000c   Code   RO          732    i.USART2_IRQHandler  stm32l4xx_it.o
    0x080032cc   0x080032cc   0x00000030   Code   RO          673    i.USART_Printf      usart.o
    0x080032fc   0x080032fc   0x00000002   Code   RO          733    i.UsageFault_Handler  stm32l4xx_it.o
    0x080032fe   0x080032fe   0x00000002   PAD
    0x08003300   0x08003300   0x00000014   Code   RO          915    i.WaitTIM3          timer.o
    0x08003314   0x08003314   0x0000002c   Code   RO         6385    i.__0vsnprintf      mc_w.l(printfa.o)
    0x08003340   0x08003340   0x0000000e   Code   RO         6457    i.__scatterload_copy  mc_w.l(handlers.o)
    0x0800334e   0x0800334e   0x00000002   Code   RO         6458    i.__scatterload_null  mc_w.l(handlers.o)
    0x08003350   0x08003350   0x0000000e   Code   RO         6459    i.__scatterload_zeroinit  mc_w.l(handlers.o)
    0x0800335e   0x0800335e   0x00000002   PAD
    0x08003360   0x08003360   0x0000018a   Code   RO         6387    i._fp_digits        mc_w.l(printfa.o)
    0x080034ea   0x080034ea   0x00000002   PAD
    0x080034ec   0x080034ec   0x000006e2   Code   RO         6388    i._printf_core      mc_w.l(printfa.o)
    0x08003bce   0x08003bce   0x00000024   Code   RO         6389    i._printf_post_padding  mc_w.l(printfa.o)
    0x08003bf2   0x08003bf2   0x0000002e   Code   RO         6390    i._printf_pre_padding  mc_w.l(printfa.o)
    0x08003c20   0x08003c20   0x00000016   Code   RO         6391    i._snputc           mc_w.l(printfa.o)
    0x08003c36   0x08003c36   0x00000002   PAD
    0x08003c38   0x08003c38   0x0000012c   Code   RO          944    i.display_task      display_task.o
    0x08003d64   0x08003d64   0x0000003c   Code   RO          945    i.display_task_init  display_task.o
    0x08003da0   0x08003da0   0x00000090   Code   RO          862    i.game_task         game_task.o
    0x08003e30   0x08003e30   0x00000048   Code   RO          863    i.game_task_init    game_task.o
    0x08003e78   0x08003e78   0x0000004c   Code   RO           14    i.gyro_task         p6_gyro.o
    0x08003ec4   0x08003ec4   0x0000003c   Code   RO           15    i.gyro_task_init    p6_gyro.o
    0x08003f00   0x08003f00   0x000000c8   Code   RO          398    i.main              main.o
    0x08003fc8   0x08003fc8   0x0000000c   Code   RO         5860    i.makeFreeRtosPriority  cmsis_os.o
    0x08003fd4   0x08003fd4   0x0000000e   Code   RO         5862    i.osDelay           cmsis_os.o
    0x08003fe2   0x08003fe2   0x0000000a   Code   RO         5865    i.osKernelStart     cmsis_os.o
    0x08003fec   0x08003fec   0x0000002e   Code   RO         5899    i.osThreadCreate    cmsis_os.o
    0x0800401a   0x0800401a   0x00000002   PAD
    0x0800401c   0x0800401c   0x00000070   Code   RO         5564    i.prvAddCurrentTaskToDelayedList  tasks.o
    0x0800408c   0x0800408c   0x000000d0   Code   RO         5565    i.prvAddNewTaskToReadyList  tasks.o
    0x0800415c   0x0800415c   0x00000014   Code   RO         5566    i.prvDeleteTCB      tasks.o
    0x08004170   0x08004170   0x00000048   Code   RO         6224    i.prvHeapInit       heap_4.o
    0x080041b8   0x080041b8   0x00000064   Code   RO         5567    i.prvIdleTask       tasks.o
    0x0800421c   0x0800421c   0x0000008e   Code   RO         5568    i.prvInitialiseNewTask  tasks.o
    0x080042aa   0x080042aa   0x00000002   PAD
    0x080042ac   0x080042ac   0x0000004c   Code   RO         6225    i.prvInsertBlockIntoFreeList  heap_4.o
    0x080042f8   0x080042f8   0x00000020   Code   RO         5569    i.prvResetNextTaskUnblockTime  tasks.o
    0x08004318   0x08004318   0x00000028   Code   RO         6287    i.prvTaskExitError  port.o
    0x08004340   0x08004340   0x000000d8   Code   RO         6226    i.pvPortMalloc      heap_4.o
    0x08004418   0x08004418   0x0000002c   Code   RO         6288    i.pxPortInitialiseStack  port.o
    0x08004444   0x08004444   0x00000018   Code   RO          231    i.servo_computer_task  servo_computer_task.o
    0x0800445c   0x0800445c   0x00000048   Code   RO          232    i.servo_computer_task_init  servo_computer_task.o
    0x080044a4   0x080044a4   0x00000024   Code   RO          286    i.servo_user_task   servo_user_task.o
    0x080044c8   0x080044c8   0x00000048   Code   RO          287    i.servo_user_task_init  servo_user_task.o
    0x08004510   0x08004510   0x00000026   Code   RO         5237    i.uxListRemove      list.o
    0x08004536   0x08004536   0x00000002   Code   RO          494    i.vApplicationIdleHook  freertos.o
    0x08004538   0x08004538   0x00000016   Code   RO         5238    i.vListInitialise   list.o
    0x0800454e   0x0800454e   0x00000006   Code   RO         5239    i.vListInitialiseItem  list.o
    0x08004554   0x08004554   0x00000030   Code   RO         5240    i.vListInsert       list.o
    0x08004584   0x08004584   0x00000018   Code   RO         5241    i.vListInsertEnd    list.o
    0x0800459c   0x0800459c   0x00000040   Code   RO         6290    i.vPortEnterCritical  port.o
    0x080045dc   0x080045dc   0x00000028   Code   RO         6291    i.vPortExitCritical  port.o
    0x08004604   0x08004604   0x0000005c   Code   RO         6227    i.vPortFree         heap_4.o
    0x08004660   0x08004660   0x00000024   Code   RO         6292    i.vPortSetupTimerInterrupt  port.o
    0x08004684   0x08004684   0x0000004c   Code   RO         5577    i.vTaskDelay        tasks.o
    0x080046d0   0x080046d0   0x00000068   Code   RO         5590    i.vTaskStartScheduler  tasks.o
    0x08004738   0x08004738   0x00000010   Code   RO         5592    i.vTaskSuspendAll   tasks.o
    0x08004748   0x08004748   0x0000005c   Code   RO         5593    i.vTaskSwitchContext  tasks.o
    0x080047a4   0x080047a4   0x000000f4   Code   RO         6294    i.xPortStartScheduler  port.o
    0x08004898   0x08004898   0x0000005c   Code   RO         5595    i.xTaskCreate       tasks.o
    0x080048f4   0x080048f4   0x000000c8   Code   RO         5602    i.xTaskIncrementTick  tasks.o
    0x080049bc   0x080049bc   0x000000c4   Code   RO         5608    i.xTaskResumeAll    tasks.o
    0x08004a80   0x08004a80   0x00000014   Data   RO          495    .constdata          freertos.o
    0x08004a94   0x08004a94   0x00000040   Data   RO         4615    .constdata          system_stm32l4xx.o
    0x08004ad4   0x08004ad4   0x00000008   Data   RO         4616    .constdata          system_stm32l4xx.o
    0x08004adc   0x08004adc   0x0000000c   Data   RO          496    .conststring        freertos.o
    0x08004ae8   0x08004ae8   0x00000020   Data   RO         6455    Region$$Table       anon$$obj.o


    Execution Region RW_IRAM1 (Exec base: 0x20000000, Load base: 0x08004b08, Size: 0x00011ba0, Max: 0x00018000, ABSOLUTE)

    Exec Addr    Load Addr    Size         Type   Attr      Idx    E Section Name        Object

    0x20000000   0x08004b08   0x00000002   Data   RW          335    .data               pwm.o
    0x20000002   0x08004b0a   0x00000002   PAD
    0x20000004   0x08004b0c   0x00000004   Data   RW          497    .data               freertos.o
    0x20000008   0x08004b10   0x00000004   Data   RW         2788    .data               stm32l4xx_hal.o
    0x2000000c   0x08004b14   0x00000004   Data   RW         4617    .data               system_stm32l4xx.o
    0x20000010   0x08004b18   0x00000004   Data   RW         4980    .data               stm32l476g_discovery_gyroscope.o
    0x20000014   0x08004b1c   0x00000034   Data   RW         5064    .data               l3gd20.o
    0x20000048   0x08004b50   0x0000003c   Data   RW         5611    .data               tasks.o
    0x20000084   0x08004b8c   0x00000018   Data   RW         6232    .data               heap_4.o
    0x2000009c   0x08004ba4   0x0000000c   Data   RW         6295    .data               port.o
    0x200000a8        -       0x00000018   Zero   RW           16    .bss                p6_gyro.o
    0x200000c0        -       0x0000001c   Zero   RW          233    .bss                servo_computer_task.o
    0x200000dc        -       0x0000001c   Zero   RW          288    .bss                servo_user_task.o
    0x200000f8        -       0x00000010   Zero   RW          544    .bss                rng.o
    0x20000108        -       0x00000064   Zero   RW          587    .bss                spi.o
    0x2000016c        -       0x00000040   Zero   RW          630    .bss                tim.o
    0x200001ac        -       0x00000078   Zero   RW          674    .bss                usart.o
    0x20000224        -       0x00000040   Zero   RW          823    .bss                stm32l4xx_hal_timebase_tim.o
    0x20000264        -       0x00000028   Zero   RW          864    .bss                game_task.o
    0x2000028c        -       0x00000014   Zero   RW          946    .bss                display_task.o
    0x200002a0        -       0x000000fc   Zero   RW         4702    .bss                stm32l476g_discovery.o
    0x2000039c        -       0x000000f0   Zero   RW         5610    .bss                tasks.o
    0x2000048c        -       0x00002710   Zero   RW         6231    .bss                heap_4.o
    0x20002b9c   0x08004bb0   0x00000004   PAD
    0x20002ba0        -       0x0000f000   Zero   RW            1    STACK               startup_stm32l476xx.o


==============================================================================

Image component sizes


      Code (inc. data)   RO Data    RW Data    ZI Data      Debug   Object Name

        82          0          0          0          0      12897   cmsis_os.o
       360        178          0          0         20       2541   display_task.o
         0          0          0          0          0       9580   event_groups.o
        50         10         32          4          0       2257   freertos.o
       300         80          0          0         40       4375   game_task.o
       140         18          0          0          0        939   gpio.o
       456         22          0         24      10000       7503   heap_4.o
       610         18          0         52          0       8686   l3gd20.o
       138          0          0          0          0       3702   list.o
       364        116          0          0          0       2888   main.o
       156         26          0          0         24     871879   p6_gyro.o
       734         72          0         12          0      11364   port.o
       386         18          0          2          0       3941   pwm.o
        76         18          0          0         16       1587   rng.o
       196         42          0          0         28       3414   servo_computer_task.o
       192         44          0          0         28       3220   servo_user_task.o
       180         22          0          0        100       1757   spi.o
        36          8        392          0      61440        860   startup_stm32l476xx.o
       632         58          0          0        252       7383   stm32l476g_discovery.o
        88         16          0          4          0       3402   stm32l476g_discovery_gyroscope.o
        58         12          0          4          0       3008   stm32l4xx_hal.o
       154         14          0          0          0      29742   stm32l4xx_hal_cortex.o
        78          0          0          0          0       1131   stm32l4xx_hal_dma.o
       468         38          0          0          0       2524   stm32l4xx_hal_gpio.o
        52          4          0          0          0        886   stm32l4xx_hal_msp.o
       120         20          0          0          0       1418   stm32l4xx_hal_pwr_ex.o
      1828         96          0          0          0       7773   stm32l4xx_hal_rcc.o
      1506         44          0          0          0       4164   stm32l4xx_hal_rcc_ex.o
       156          0          0          0          0       2078   stm32l4xx_hal_rng.o
       178          0          0          0          0       1914   stm32l4xx_hal_spi.o
      1032         42          0          0          0      10413   stm32l4xx_hal_tim.o
       102          8          0          0          0       3169   stm32l4xx_hal_tim_ex.o
       112         12          0          0         64       1475   stm32l4xx_hal_timebase_tim.o
      1726         74          0          0          0      10250   stm32l4xx_hal_uart.o
         2          0          0          0          0       1056   stm32l4xx_hal_uart_ex.o
        36         12          0          0          0       3855   stm32l4xx_it.o
        68         12         72          4          0       1289   system_stm32l4xx.o
      1390        110          0         60        240      15326   tasks.o
       144         18          0          0         64       1722   tim.o
        72         14          0          0          0       1000   timer.o
       224         26          0          0        120       3073   usart.o

    ----------------------------------------------------------------------
     14716       1322        528        168      72440    1071441   Object Totals
         0          0         32          0          0          0   (incl. Generated)
        34          0          0          2          4          0   (incl. Padding)

    ----------------------------------------------------------------------

      Code (inc. data)   RO Data    RW Data    ZI Data      Debug   Library Member Name

         0          0          0          0          0          0   entry.o
         0          0          0          0          0          0   entry10a.o
         0          0          0          0          0          0   entry11a.o
         8          4          0          0          0          0   entry2.o
         4          0          0          0          0          0   entry5.o
         0          0          0          0          0          0   entry7b.o
         0          0          0          0          0          0   entry8b.o
         8          4          0          0          0          0   entry9a.o
        30          0          0          0          0          0   handlers.o
        36          8          0          0          0         68   init.o
         0          0          0          0          0          0   iusefp.o
        30          0          0          0          0         68   llshl.o
        36          0          0          0          0         68   llsshr.o
        32          0          0          0          0         68   llushr.o
        36          0          0          0          0         68   memcpya.o
        36          0          0          0          0        108   memseta.o
      2304         84          0          0          0        516   printfa.o
        14          0          0          0          0         68   strlen.o
        24          0          0          0          0         76   strncpy.o
        44          0          0          0          0         80   uidiv.o
       104          0          0          0          0         92   uldiv.o
        48          0          0          0          0         68   cdcmple.o
        48          0          0          0          0         68   cdrcmple.o
       350          0          0          0          0        148   dadd.o
       222          0          0          0          0        100   ddiv.o
       186          0          0          0          0        176   depilogue.o
        48          0          0          0          0         68   dfixul.o
        34          0          0          0          0         76   dflti.o
       234          0          0          0          0         96   dmul.o
        38          0          0          0          0         68   f2d.o

    ----------------------------------------------------------------------
      3964        100          0          0          0       2148   Library Totals
        10          0          0          0          0          0   (incl. Padding)

    ----------------------------------------------------------------------

      Code (inc. data)   RO Data    RW Data    ZI Data      Debug   Library Name

      2746        100          0          0          0       1280   mc_w.l
      1208          0          0          0          0        868   mf_w.l

    ----------------------------------------------------------------------
      3964        100          0          0          0       2148   Library Totals

    ----------------------------------------------------------------------

==============================================================================


      Code (inc. data)   RO Data    RW Data    ZI Data      Debug   

     18680       1422        528        168      72440    1057549   Grand Totals
     18680       1422        528        168      72440    1057549   ELF Image Totals
     18680       1422        528        168          0          0   ROM Totals

==============================================================================

    Total RO  Size (Code + RO Data)                19208 (  18.76kB)
    Total RW  Size (RW Data + ZI Data)             72608 (  70.91kB)
    Total ROM Size (Code + RO Data + RW Data)      19376 (  18.92kB)

==============================================================================

